stm32wbxx_ll_rcc.h:2851:22:LL_RCC_EnableRTC	4	static
stm32wbxx_ll_rcc.h:2861:22:LL_RCC_DisableRTC	4	static
stm32wbxx_ll_bus.h:508:22:LL_AHB2_GRP1_EnableClock	24	static
stm32wbxx_ll_bus.h:706:22:LL_AHB3_GRP1_EnableClock	24	static
stm32wbxx_ll_bus.h:1213:22:LL_APB2_GRP1_EnableClock	24	static
stm32wbxx_ll_bus.h:1261:22:LL_APB2_GRP1_DisableClock	16	static
stm32wbxx_hal_msp.c:64:6:HAL_MspInit	8	static
stm32wbxx_hal_msp.c:85:6:HAL_RTC_MspInit	16	static
stm32wbxx_hal_msp.c:110:6:HAL_RTC_MspDeInit	16	static
stm32wbxx_hal_msp.c:135:6:HAL_UART_MspInit	40	static
stm32wbxx_hal_msp.c:174:6:HAL_UART_MspDeInit	16	static
