Archive member included to satisfy reference by file (symbol)

c:/program files (x86)/atollic/truestudio for stm32 9.3.0/armtools/bin/../lib/gcc/arm-atollic-eabi/6.3.1/../../../../arm-atollic-eabi/lib/armv7e-m/fpu\libc_nano.a(lib_a-errno.o)
                              Core\Src\syscalls.o (__errno)
c:/program files (x86)/atollic/truestudio for stm32 9.3.0/armtools/bin/../lib/gcc/arm-atollic-eabi/6.3.1/../../../../arm-atollic-eabi/lib/armv7e-m/fpu\libc_nano.a(lib_a-impure.o)
                              c:/program files (x86)/atollic/truestudio for stm32 9.3.0/armtools/bin/../lib/gcc/arm-atollic-eabi/6.3.1/../../../../arm-atollic-eabi/lib/armv7e-m/fpu\libc_nano.a(lib_a-errno.o) (_impure_ptr)
c:/program files (x86)/atollic/truestudio for stm32 9.3.0/armtools/bin/../lib/gcc/arm-atollic-eabi/6.3.1/../../../../arm-atollic-eabi/lib/armv7e-m/fpu\libc_nano.a(lib_a-init.o)
                              startup\startup_stm32wb55xx_cm4.o (__libc_init_array)
c:/program files (x86)/atollic/truestudio for stm32 9.3.0/armtools/bin/../lib/gcc/arm-atollic-eabi/6.3.1/../../../../arm-atollic-eabi/lib/armv7e-m/fpu\libc_nano.a(lib_a-memcmp.o)
                              Middlewares\ST\STM32_WPAN\ble\core\template\osal.o (memcmp)
c:/program files (x86)/atollic/truestudio for stm32 9.3.0/armtools/bin/../lib/gcc/arm-atollic-eabi/6.3.1/../../../../arm-atollic-eabi/lib/armv7e-m/fpu\libc_nano.a(lib_a-memcpy-stub.o)
                              Middlewares\ST\STM32_WPAN\ble\core\template\osal.o (memcpy)
c:/program files (x86)/atollic/truestudio for stm32 9.3.0/armtools/bin/../lib/gcc/arm-atollic-eabi/6.3.1/../../../../arm-atollic-eabi/lib/armv7e-m/fpu\libc_nano.a(lib_a-memset.o)
                              Core\Src\main.o (memset)
c:/program files (x86)/atollic/truestudio for stm32 9.3.0/armtools/bin/../lib/gcc/arm-atollic-eabi/6.3.1/../../../../arm-atollic-eabi/lib/armv7e-m/fpu\libc_nano.a(lib_a-printf.o)
                              Middlewares\ST\STM32_WPAN\utilities\dbg_trace.o (printf)
c:/program files (x86)/atollic/truestudio for stm32 9.3.0/armtools/bin/../lib/gcc/arm-atollic-eabi/6.3.1/../../../../arm-atollic-eabi/lib/armv7e-m/fpu\libc_nano.a(lib_a-strlen.o)
                              STM32_WPAN\App\app_ble.o (strlen)
c:/program files (x86)/atollic/truestudio for stm32 9.3.0/armtools/bin/../lib/gcc/arm-atollic-eabi/6.3.1/../../../../arm-atollic-eabi/lib/armv7e-m/fpu\libc_nano.a(lib_a-strrchr.o)
                              Middlewares\ST\STM32_WPAN\utilities\dbg_trace.o (strrchr)
c:/program files (x86)/atollic/truestudio for stm32 9.3.0/armtools/bin/../lib/gcc/arm-atollic-eabi/6.3.1/../../../../arm-atollic-eabi/lib/armv7e-m/fpu\libc_nano.a(lib_a-vprintf.o)
                              Middlewares\ST\STM32_WPAN\utilities\dbg_trace.o (vprintf)
c:/program files (x86)/atollic/truestudio for stm32 9.3.0/armtools/bin/../lib/gcc/arm-atollic-eabi/6.3.1/../../../../arm-atollic-eabi/lib/armv7e-m/fpu\libc_nano.a(lib_a-findfp.o)
                              c:/program files (x86)/atollic/truestudio for stm32 9.3.0/armtools/bin/../lib/gcc/arm-atollic-eabi/6.3.1/../../../../arm-atollic-eabi/lib/armv7e-m/fpu\libc_nano.a(lib_a-printf.o) (__sinit)
c:/program files (x86)/atollic/truestudio for stm32 9.3.0/armtools/bin/../lib/gcc/arm-atollic-eabi/6.3.1/../../../../arm-atollic-eabi/lib/armv7e-m/fpu\libc_nano.a(lib_a-fwalk.o)
                              c:/program files (x86)/atollic/truestudio for stm32 9.3.0/armtools/bin/../lib/gcc/arm-atollic-eabi/6.3.1/../../../../arm-atollic-eabi/lib/armv7e-m/fpu\libc_nano.a(lib_a-findfp.o) (_fwalk)
c:/program files (x86)/atollic/truestudio for stm32 9.3.0/armtools/bin/../lib/gcc/arm-atollic-eabi/6.3.1/../../../../arm-atollic-eabi/lib/armv7e-m/fpu\libc_nano.a(lib_a-nano-mallocr.o)
                              c:/program files (x86)/atollic/truestudio for stm32 9.3.0/armtools/bin/../lib/gcc/arm-atollic-eabi/6.3.1/../../../../arm-atollic-eabi/lib/armv7e-m/fpu\libc_nano.a(lib_a-findfp.o) (_malloc_r)
c:/program files (x86)/atollic/truestudio for stm32 9.3.0/armtools/bin/../lib/gcc/arm-atollic-eabi/6.3.1/../../../../arm-atollic-eabi/lib/armv7e-m/fpu\libc_nano.a(lib_a-nano-vfprintf.o)
                              c:/program files (x86)/atollic/truestudio for stm32 9.3.0/armtools/bin/../lib/gcc/arm-atollic-eabi/6.3.1/../../../../arm-atollic-eabi/lib/armv7e-m/fpu\libc_nano.a(lib_a-printf.o) (_vfprintf_r)
c:/program files (x86)/atollic/truestudio for stm32 9.3.0/armtools/bin/../lib/gcc/arm-atollic-eabi/6.3.1/../../../../arm-atollic-eabi/lib/armv7e-m/fpu\libc_nano.a(lib_a-nano-vfprintf_i.o)
                              c:/program files (x86)/atollic/truestudio for stm32 9.3.0/armtools/bin/../lib/gcc/arm-atollic-eabi/6.3.1/../../../../arm-atollic-eabi/lib/armv7e-m/fpu\libc_nano.a(lib_a-nano-vfprintf.o) (_printf_i)
c:/program files (x86)/atollic/truestudio for stm32 9.3.0/armtools/bin/../lib/gcc/arm-atollic-eabi/6.3.1/../../../../arm-atollic-eabi/lib/armv7e-m/fpu\libc_nano.a(lib_a-sbrkr.o)
[...]
Memory Configuration

Name             Origin             Length             Attributes
FLASH            0x08000000         0x00080000         xr
RAM1             0x20000004         0x0002fffc         xrw
RAM_SHARED       0x20030000         0x00002800         xrw
*default*        0x00000000         0xffffffff

Linker script and memory map

LOAD c:/program files (x86)/atollic/truestudio for stm32 9.3.0/armtools/bin/../lib/gcc/arm-atollic-eabi/6.3.1/armv7e-m/fpu/crti.o
LOAD c:/program files (x86)/atollic/truestudio for stm32 9.3.0/armtools/bin/../lib/gcc/arm-atollic-eabi/6.3.1/armv7e-m/fpu/crtbegin.o
LOAD Core\Src\User_mems.o
LOAD Core\Src\app_entry.o
LOAD Core\Src\custom_bus.o
LOAD Core\Src\hw_timerserver.o
LOAD Core\Src\main.o
LOAD Core\Src\stm32_lpm_if.o
LOAD Core\Src\stm32wbxx_hal_msp.o
LOAD Core\Src\stm32wbxx_it.o
LOAD Core\Src\syscalls.o
LOAD Core\Src\system_stm32wbxx.o
LOAD Drivers\BSP\Components\hts221\hts221.o
LOAD Drivers\BSP\Components\hts221\hts221_reg.o
LOAD Drivers\BSP\Components\lps22hb\lps22hb.o
LOAD Drivers\BSP\Components\lps22hb\lps22hb_reg.o
LOAD Drivers\BSP\Components\lsm303agr\lsm303agr.o
LOAD Drivers\BSP\Components\lsm303agr\lsm303agr_reg.o
LOAD Drivers\BSP\Components\lsm6dsl\lsm6dsl.o
LOAD Drivers\BSP\Components\lsm6dsl\lsm6dsl_reg.o
LOAD Drivers\BSP\IKS01A2\iks01a2_env_sensors.o
LOAD Drivers\BSP\IKS01A2\iks01a2_env_sensors_ex.o
LOAD Drivers\BSP\IKS01A2\iks01a2_motion_sensors.o
LOAD Drivers\BSP\IKS01A2\iks01a2_motion_sensors_ex.o
LOAD Drivers\STM32WBxx_HAL_Driver\Src\stm32wbxx_hal.o
LOAD Drivers\STM32WBxx_HAL_Driver\Src\stm32wbxx_hal_cortex.o
LOAD Drivers\STM32WBxx_HAL_Driver\Src\stm32wbxx_hal_dma.o
LOAD Drivers\STM32WBxx_HAL_Driver\Src\stm32wbxx_hal_dma_ex.o
LOAD Drivers\STM32WBxx_HAL_Driver\Src\stm32wbxx_hal_exti.o
LOAD Drivers\STM32WBxx_HAL_Driver\Src\stm32wbxx_hal_flash.o
LOAD Drivers\STM32WBxx_HAL_Driver\Src\stm32wbxx_hal_flash_ex.o
LOAD Drivers\STM32WBxx_HAL_Driver\Src\stm32wbxx_hal_gpio.o
LOAD Drivers\STM32WBxx_HAL_Driver\Src\stm32wbxx_hal_hsem.o
LOAD Drivers\STM32WBxx_HAL_Driver\Src\stm32wbxx_hal_i2c.o
LOAD Drivers\STM32WBxx_HAL_Driver\Src\stm32wbxx_hal_i2c_ex.o
LOAD Drivers\STM32WBxx_HAL_Driver\Src\stm32wbxx_hal_pwr.o
LOAD Drivers\STM32WBxx_HAL_Driver\Src\stm32wbxx_hal_pwr_ex.o
LOAD Drivers\STM32WBxx_HAL_Driver\Src\stm32wbxx_hal_rcc.o
LOAD Drivers\STM32WBxx_HAL_Driver\Src\stm32wbxx_hal_rcc_ex.o
LOAD Drivers\STM32WBxx_HAL_Driver\Src\stm32wbxx_hal_rtc.o
LOAD Drivers\STM32WBxx_HAL_Driver\Src\stm32wbxx_hal_rtc_ex.o
LOAD Drivers\STM32WBxx_HAL_Driver\Src\stm32wbxx_hal_tim.o
LOAD Drivers\STM32WBxx_HAL_Driver\Src\stm32wbxx_hal_tim_ex.o
LOAD Drivers\STM32WBxx_HAL_Driver\Src\stm32wbxx_hal_uart.o
LOAD Drivers\STM32WBxx_HAL_Driver\Src\stm32wbxx_hal_uart_ex.o
LOAD MEMS\App\app_x-cube-mems1.o
LOAD Middlewares\ST\STM32_WPAN\ble\core\auto\ble_gap_aci.o
LOAD Middlewares\ST\STM32_WPAN\ble\core\auto\ble_gatt_aci.o
LOAD Middlewares\ST\STM32_WPAN\ble\core\auto\ble_hal_aci.o
LOAD Middlewares\ST\STM32_WPAN\ble\core\auto\ble_hci_le.o
LOAD Middlewares\ST\STM32_WPAN\ble\core\auto\ble_l2cap_aci.o
LOAD Middlewares\ST\STM32_WPAN\ble\core\template\osal.o
LOAD Middlewares\ST\STM32_WPAN\ble\svc\Src\p2p_stm.o
LOAD Middlewares\ST\STM32_WPAN\ble\svc\Src\svc_ctl.o
LOAD Middlewares\ST\STM32_WPAN\ble\svc\Src\template_stm.o
LOAD Middlewares\ST\STM32_WPAN\interface\patterns\ble_thread\shci\shci.o
LOAD Middlewares\ST\STM32_WPAN\interface\patterns\ble_thread\tl\hci_tl.o
LOAD Middlewares\ST\STM32_WPAN\interface\patterns\ble_thread\tl\hci_tl_if.o
LOAD Middlewares\ST\STM32_WPAN\interface\patterns\ble_thread\tl\shci_tl.o
LOAD Middlewares\ST\STM32_WPAN\interface\patterns\ble_thread\tl\shci_tl_if.o
LOAD Middlewares\ST\STM32_WPAN\interface\patterns\ble_thread\tl\tl_mbox.o
LOAD Middlewares\ST\STM32_WPAN\utilities\dbg_trace.o
LOAD Middlewares\ST\STM32_WPAN\utilities\otp.o
LOAD Middlewares\ST\STM32_WPAN\utilities\stm_list.o
LOAD Middlewares\ST\STM32_WPAN\utilities\stm_queue.o
LOAD STM32_WPAN\App\app_ble.o
LOAD STM32_WPAN\App\p2p_server_app.o
LOAD STM32_WPAN\App\template_server_app.o
LOAD STM32_WPAN\Target\hw_ipcc.o
LOAD Utilities\lpm\tiny_lpm\stm32_lpm.o
LOAD Utilities\sequencer\stm32_seq.o
LOAD startup\startup_stm32wb55xx_cm4.o
                0x00000080                malloc_getpagesize_P = 0x80
START GROUP
LOAD c:/program files (x86)/atollic/truestudio for stm32 9.3.0/armtools/bin/../lib/gcc/arm-atollic-eabi/6.3.1/../../../../arm-atollic-eabi/lib/armv7e-m/fpu\libc_nano.a
LOAD c:/program files (x86)/atollic/truestudio for stm32 9.3.0/armtools/bin/../lib/gcc/arm-atollic-eabi/6.3.1/../../../../arm-atollic-eabi/lib/armv7e-m/fpu\libm.a
END GROUP
START GROUP
LOAD c:/program files (x86)/atollic/truestudio for stm32 9.3.0/armtools/bin/../lib/gcc/arm-atollic-eabi/6.3.1/armv7e-m/fpu\libgcc.a
LOAD c:/program files (x86)/atollic/truestudio for stm32 9.3.0/armtools/bin/../lib/gcc/arm-atollic-eabi/6.3.1/../../../../arm-atollic-eabi/lib/armv7e-m/fpu\libc_nano.a
END GROUP
START GROUP
LOAD c:/program files (x86)/atollic/truestudio for stm32 9.3.0/armtools/bin/../lib/gcc/arm-atollic-eabi/6.3.1/armv7e-m/fpu\libgcc.a
LOAD c:/program files (x86)/atollic/truestudio for stm32 9.3.0/armtools/bin/../lib/gcc/arm-atollic-eabi/6.3.1/../../../../arm-atollic-eabi/lib/armv7e-m/fpu\libc_nano.a
LOAD c:/program files (x86)/atollic/truestudio for stm32 9.3.0/armtools/bin/../lib/gcc/arm-atollic-eabi/6.3.1/../../../../arm-atollic-eabi/lib/armv7e-m/fpu\libnosys.a
END GROUP
START GROUP
LOAD c:/program files (x86)/atollic/truestudio for stm32 9.3.0/armtools/bin/../lib/gcc/arm-atollic-eabi/6.3.1/armv7e-m/fpu\libgcc.a
LOAD c:/program files (x86)/atollic/truestudio for stm32 9.3.0/armtools/bin/../lib/gcc/arm-atollic-eabi/6.3.1/../../../../arm-atollic-eabi/lib/armv7e-m/fpu\libc_nano.a
LOAD c:/program files (x86)/atollic/truestudio for stm32 9.3.0/armtools/bin/../lib/gcc/arm-atollic-eabi/6.3.1/../../../../arm-atollic-eabi/lib/armv7e-m/fpu\libnosys.a
END GROUP
LOAD c:/program files (x86)/atollic/truestudio for stm32 9.3.0/armtools/bin/../lib/gcc/arm-atollic-eabi/6.3.1/armv7e-m/fpu/crtend.o
LOAD c:/program files (x86)/atollic/truestudio for stm32 9.3.0/armtools/bin/../lib/gcc/arm-atollic-eabi/6.3.1/armv7e-m/fpu/crtn.o
                0x20030000                _estack = 0x20030000
                0x00000200                _Min_Heap_Size = 0x200
                0x00000400                _Min_Stack_Size = 0x400

.isr_vector     0x08000000      0x13c
                0x08000000                . = ALIGN (0x4)
 *(.isr_vector)
 .isr_vector    0x08000000      0x13c startup\startup_stm32wb55xx_cm4.o
                0x08000000                g_pfnVectors
                0x0800013c                . = ALIGN (0x4)

.text           0x08000140     0x8fac
                0x08000140                . = ALIGN (0x4)
 *(.text)
 .text          0x08000140       0x40 c:/program files (x86)/atollic/truestudio for stm32 9.3.0/armtools/bin/../lib/gcc/arm-atollic-eabi/6.3.1/armv7e-m/fpu/crtbegin.o
 .text          0x08000180       0x10 c:/program files (x86)/atollic/truestudio for stm32 9.3.0/armtools/bin/../lib/gcc/arm-atollic-eabi/6.3.1/../../../../arm-atollic-eabi/lib/armv7e-m/fpu\libc_nano.a(lib_a-strlen.o)
                0x08000180                strlen
 .text          0x08000190       0x30 c:/program files (x86)/atollic/truestudio for stm32 9.3.0/armtools/bin/../lib/gcc/arm-atollic-eabi/6.3.1/armv7e-m/fpu\libgcc.a(_aeabi_uldivmod.o)
                0x08000190                __aeabi_uldivmod
 .text          0x080001c0      0x2dc c:/program files (x86)/atollic/truestudio for stm32 9.3.0/armtools/bin/../lib/gcc/arm-atollic-eabi/6.3.1/armv7e-m/fpu\libgcc.a(_udivmoddi4.o)
                0x080001c0                __udivmoddi4
 .text          0x0800049c        0x4 c:/program files (x86)/atollic/truestudio for stm32 9.3.0/armtools/bin/../lib/gcc/arm-atollic-eabi/6.3.1/armv7e-m/fpu\libgcc.a(_dvmd_tls.o)
                0x0800049c                __aeabi_idiv0
                0x0800049c                __aeabi_ldiv0
 *(.text*)
 .text.LL_RCC_SetClkAfterWakeFromStop
                0x080004a0       0x28 Core\Src\app_entry.o
 .text.APPE_Init
                0x080004c8       0x1c Core\Src\app_entry.o
                0x080004c8                APPE_Init
 .text.HAL_GPIO_EXTI_Callback
                0x080004e4       0x24 Core\Src\app_entry.o
                0x080004e4                HAL_GPIO_EXTI_Callback
 .text.SystemPower_Config
                0x08000508       0x14 Core\Src\app_entry.o
 .text.appe_Tl_Init
                0x0800051c       0x6c Core\Src\app_entry.o
 .text.APPE_SysStatusNot
                0x08000588       0x16 Core\Src\app_entry.o
 .text.APPE_SysUserEvtRx
                0x0800059e       0x20 Core\Src\app_entry.o
 .text.UTIL_SEQ_Idle
                0x080005be        0xe Core\Src\app_entry.o
                0x080005be                UTIL_SEQ_Idle
 .text.UTIL_SEQ_EvtIdle
                0x080005cc       0x1a Core\Src\app_entry.o
                0x080005cc                UTIL_SEQ_EvtIdle
 .text.shci_notify_asynch_evt
                0x080005e6       0x18 Core\Src\app_entry.o
                0x080005e6                shci_notify_asynch_evt
 .text.shci_cmd_resp_release
                0x080005fe       0x16 Core\Src\app_entry.o
                0x080005fe                shci_cmd_resp_release
 .text.shci_cmd_resp_wait
                0x08000614       0x16 Core\Src\app_entry.o
                0x08000614                shci_cmd_resp_wait
 *fill*         0x0800062a        0x2 
 .text.LL_EXTI_EnableIT_0_31
                0x0800062c       0x28 Core\Src\hw_timerserver.o
 .text.LL_EXTI_EnableRisingTrig_0_31
                0x08000654       0x24 Core\Src\hw_timerserver.o
 .text.ReadRtcSsrValue
                0x08000678       0x40 Core\Src\hw_timerserver.o
 .text.LinkTimerAfter
                0x080006b8       0x8c Core\Src\hw_timerserver.o
 .text.LinkTimerBefore
                0x08000744       0xc0 Core\Src\hw_timerserver.o
 .text.linkTimer
                0x08000804      0x154 Core\Src\hw_timerserver.o
 .text.UnlinkTimer
                0x08000958      0x108 Core\Src\hw_timerserver.o
 .text.ReturnTimeElapsed
                0x08000a60       0x80 Core\Src\hw_timerserver.o
 .text.RestartWakeupCounter
                0x08000ae0       0xbc Core\Src\hw_timerserver.o
 .text.RescheduleTimerList
                0x08000b9c      0x13c Core\Src\hw_timerserver.o
 .text.HW_TS_RTC_Wakeup_Handler
                0x08000cd8      0x1a0 Core\Src\hw_timerserver.o
                0x08000cd8                HW_TS_RTC_Wakeup_Handler
 .text.HW_TS_Init
                0x08000e78      0x1c0 Core\Src\hw_timerserver.o
                0x08000e78                HW_TS_Init
 .text.HW_TS_Create
                0x08001038       0xec Core\Src\hw_timerserver.o
                0x08001038                HW_TS_Create
 .text.HW_TS_Stop
                0x08001124      0x114 Core\Src\hw_timerserver.o
                0x08001124                HW_TS_Stop
 .text.HW_TS_Start
                0x08001238      0x10c Core\Src\hw_timerserver.o
                0x08001238                HW_TS_Start
 .text.HW_TS_RTC_Int_AppNot
                0x08001344       0x1a Core\Src\hw_timerserver.o
                0x08001344                HW_TS_RTC_Int_AppNot
 .text.LL_RCC_LSE_SetDriveCapability
                0x0800135e       0x2c Core\Src\main.o
 .text.LL_AHB2_GRP1_EnableClock
                0x0800138a       0x32 Core\Src\main.o
 .text.main     0x080013bc       0x32 Core\Src\main.o
                0x080013bc                main
 *fill*         0x080013ee        0x2 
 .text.SystemClock_Config
                0x080013f0      0x100 Core\Src\main.o
                0x080013f0                SystemClock_Config
 .text.MX_RF_Init
                0x080014f0        0xe Core\Src\main.o
 *fill*         0x080014fe        0x2 
 .text.MX_RTC_Init
                0x08001500       0x50 Core\Src\main.o
 .text.MX_USART1_UART_Init
                0x08001550       0x98 Core\Src\main.o
 .text.MX_GPIO_Init
                0x080015e8       0x84 Core\Src\main.o
 .text.Error_Handler
                0x0800166c        0xe Core\Src\main.o
                0x0800166c                Error_Handler
 .text.LL_RCC_EnableRTC
                0x0800167a       0x22 Core\Src\stm32wbxx_hal_msp.o
 .text.LL_AHB2_GRP1_EnableClock
                0x0800169c       0x32 Core\Src\stm32wbxx_hal_msp.o
 .text.LL_AHB3_GRP1_EnableClock
                0x080016ce       0x32 Core\Src\stm32wbxx_hal_msp.o
 .text.LL_APB2_GRP1_EnableClock
                0x08001700       0x32 Core\Src\stm32wbxx_hal_msp.o
 .text.HAL_MspInit
                0x08001732       0x10 Core\Src\stm32wbxx_hal_msp.o
                0x08001732                HAL_MspInit
 *fill*         0x08001742        0x2 
 .text.HAL_RTC_MspInit
                0x08001744       0x34 Core\Src\stm32wbxx_hal_msp.o
                0x08001744                HAL_RTC_MspInit
 .text.HAL_UART_MspInit
                0x08001778       0x70 Core\Src\stm32wbxx_hal_msp.o
                0x08001778                HAL_UART_MspInit
 .text.NMI_Handler
                0x080017e8        0xe Core\Src\stm32wbxx_it.o
                0x080017e8                NMI_Handler
 .text.HardFault_Handler
                0x080017f6        0x6 Core\Src\stm32wbxx_it.o
                0x080017f6                HardFault_Handler
 .text.MemManage_Handler
                0x080017fc        0x6 Core\Src\stm32wbxx_it.o
                0x080017fc                MemManage_Handler
 .text.BusFault_Handler
                0x08001802        0x6 Core\Src\stm32wbxx_it.o
                0x08001802                BusFault_Handler
 .text.UsageFault_Handler
                0x08001808        0x6 Core\Src\stm32wbxx_it.o
                0x08001808                UsageFault_Handler
 .text.SVC_Handler
                0x0800180e        0xe Core\Src\stm32wbxx_it.o
                0x0800180e                SVC_Handler
 .text.DebugMon_Handler
                0x0800181c        0xe Core\Src\stm32wbxx_it.o
                0x0800181c                DebugMon_Handler
 .text.PendSV_Handler
                0x0800182a        0xe Core\Src\stm32wbxx_it.o
                0x0800182a                PendSV_Handler
 .text.SysTick_Handler
                0x08001838        0xc Core\Src\stm32wbxx_it.o
                0x08001838                SysTick_Handler
 .text.RTC_WKUP_IRQHandler
                0x08001844       0x18 Core\Src\stm32wbxx_it.o
                0x08001844                RTC_WKUP_IRQHandler
 .text.EXTI4_IRQHandler
                0x0800185c        0xe Core\Src\stm32wbxx_it.o
                0x0800185c                EXTI4_IRQHandler
 *fill*         0x0800186a        0x2 
 .text.USART1_IRQHandler
                0x0800186c       0x14 Core\Src\stm32wbxx_it.o
                0x0800186c                USART1_IRQHandler
 .text.IPCC_C1_TX_IRQHandler
                0x08001880        0xc Core\Src\stm32wbxx_it.o
                0x08001880                IPCC_C1_TX_IRQHandler
 .text.IPCC_C1_RX_IRQHandler
                0x0800188c        0xc Core\Src\stm32wbxx_it.o
                0x0800188c                IPCC_C1_RX_IRQHandler
 .text.SystemInit
                0x08001898       0xac Core\Src\system_stm32wbxx.o
                0x08001898                SystemInit
 .text.SystemCoreClockUpdate
                0x08001944      0x144 Core\Src\system_stm32wbxx.o
                0x08001944                SystemCoreClockUpdate
 .text.HAL_Init
                0x08001a88       0x40 Drivers\STM32WBxx_HAL_Driver\Src\stm32wbxx_hal.o
                0x08001a88                HAL_Init
 .text.HAL_InitTick
                0x08001ac8       0x74 Drivers\STM32WBxx_HAL_Driver\Src\stm32wbxx_hal.o
                0x08001ac8                HAL_InitTick
 .text.HAL_IncTick
                0x08001b3c       0x24 Drivers\STM32WBxx_HAL_Driver\Src\stm32wbxx_hal.o
                0x08001b3c                HAL_IncTick
 .text.HAL_GetTick
                0x08001b60       0x18 Drivers\STM32WBxx_HAL_Driver\Src\stm32wbxx_hal.o
                0x08001b60                HAL_GetTick
 .text.HAL_GetTickPrio
                0x08001b78       0x18 Drivers\STM32WBxx_HAL_Driver\Src\stm32wbxx_hal.o
                0x08001b78                HAL_GetTickPrio
 .text.__NVIC_SetPriorityGrouping
                0x08001b90       0x48 Drivers\STM32WBxx_HAL_Driver\Src\stm32wbxx_hal_cortex.o
 .text.__NVIC_GetPriorityGrouping
                0x08001bd8       0x1c Drivers\STM32WBxx_HAL_Driver\Src\stm32wbxx_hal_cortex.o
 .text.__NVIC_EnableIRQ
                0x08001bf4       0x3c Drivers\STM32WBxx_HAL_Driver\Src\stm32wbxx_hal_cortex.o
 .text.__NVIC_DisableIRQ
                0x08001c30       0x44 Drivers\STM32WBxx_HAL_Driver\Src\stm32wbxx_hal_cortex.o
 .text.__NVIC_SetPendingIRQ
                0x08001c74       0x3c Drivers\STM32WBxx_HAL_Driver\Src\stm32wbxx_hal_cortex.o
 .text.__NVIC_ClearPendingIRQ
                0x08001cb0       0x3c Drivers\STM32WBxx_HAL_Driver\Src\stm32wbxx_hal_cortex.o
 .text.__NVIC_SetPriority
                0x08001cec       0x54 Drivers\STM32WBxx_HAL_Driver\Src\stm32wbxx_hal_cortex.o
 .text.NVIC_EncodePriority
                0x08001d40       0x62 Drivers\STM32WBxx_HAL_Driver\Src\stm32wbxx_hal_cortex.o
 *fill*         0x08001da2        0x2 
 .text.SysTick_Config
                0x08001da4       0x44 Drivers\STM32WBxx_HAL_Driver\Src\stm32wbxx_hal_cortex.o
 .text.HAL_NVIC_SetPriorityGrouping
                0x08001de8       0x16 Drivers\STM32WBxx_HAL_Driver\Src\stm32wbxx_hal_cortex.o
                0x08001de8                HAL_NVIC_SetPriorityGrouping
 .text.HAL_NVIC_SetPriority
                0x08001dfe       0x34 Drivers\STM32WBxx_HAL_Driver\Src\stm32wbxx_hal_cortex.o
                0x08001dfe                HAL_NVIC_SetPriority
 .text.HAL_NVIC_EnableIRQ
                0x08001e32       0x1c Drivers\STM32WBxx_HAL_Driver\Src\stm32wbxx_hal_cortex.o
                0x08001e32                HAL_NVIC_EnableIRQ
 .text.HAL_NVIC_DisableIRQ
                0x08001e4e       0x1c Drivers\STM32WBxx_HAL_Driver\Src\stm32wbxx_hal_cortex.o
                0x08001e4e                HAL_NVIC_DisableIRQ
 .text.HAL_SYSTICK_Config
                0x08001e6a       0x18 Drivers\STM32WBxx_HAL_Driver\Src\stm32wbxx_hal_cortex.o
                0x08001e6a                HAL_SYSTICK_Config
 .text.HAL_NVIC_SetPendingIRQ
                0x08001e82       0x1c Drivers\STM32WBxx_HAL_Driver\Src\stm32wbxx_hal_cortex.o
                0x08001e82                HAL_NVIC_SetPendingIRQ
 .text.HAL_NVIC_ClearPendingIRQ
                0x08001e9e       0x1c Drivers\STM32WBxx_HAL_Driver\Src\stm32wbxx_hal_cortex.o
                0x08001e9e                HAL_NVIC_ClearPendingIRQ
 .text.HAL_DMA_Abort_IT
                0x08001eba       0xbe Drivers\STM32WBxx_HAL_Driver\Src\stm32wbxx_hal_dma.o
                0x08001eba                HAL_DMA_Abort_IT
 .text.HAL_GPIO_Init
                0x08001f78      0x2e0 Drivers\STM32WBxx_HAL_Driver\Src\stm32wbxx_hal_gpio.o
                0x08001f78                HAL_GPIO_Init
 .text.HAL_GPIO_WritePin
                0x08002258       0x30 Drivers\STM32WBxx_HAL_Driver\Src\stm32wbxx_hal_gpio.o
                0x08002258                HAL_GPIO_WritePin
 .text.HAL_GPIO_TogglePin
                0x08002288       0x32 Drivers\STM32WBxx_HAL_Driver\Src\stm32wbxx_hal_gpio.o
                0x08002288                HAL_GPIO_TogglePin
 *fill*         0x080022ba        0x2 
 .text.HAL_GPIO_EXTI_IRQHandler
                0x080022bc       0x30 Drivers\STM32WBxx_HAL_Driver\Src\stm32wbxx_hal_gpio.o
                0x080022bc                HAL_GPIO_EXTI_IRQHandler
 .text.HAL_PWR_EnableBkUpAccess
                0x080022ec       0x20 Drivers\STM32WBxx_HAL_Driver\Src\stm32wbxx_hal_pwr.o
                0x080022ec                HAL_PWR_EnableBkUpAccess
 .text.HAL_PWREx_GetVoltageRange
                0x0800230c       0x1c Drivers\STM32WBxx_HAL_Driver\Src\stm32wbxx_hal_pwr_ex.o
                0x0800230c                HAL_PWREx_GetVoltageRange
 .text.LL_RCC_HSE_IsEnabledDiv2
                0x08002328       0x24 Drivers\STM32WBxx_HAL_Driver\Src\stm32wbxx_hal_rcc.o
 .text.LL_RCC_HSE_EnableBypass
                0x0800234c       0x1e Drivers\STM32WBxx_HAL_Driver\Src\stm32wbxx_hal_rcc.o
 .text.LL_RCC_HSE_DisableBypass
                0x0800236a       0x1e Drivers\STM32WBxx_HAL_Driver\Src\stm32wbxx_hal_rcc.o
 .text.LL_RCC_HSE_Enable
                0x08002388       0x1e Drivers\STM32WBxx_HAL_Driver\Src\stm32wbxx_hal_rcc.o
 .text.LL_RCC_HSE_Disable
                0x080023a6       0x1e Drivers\STM32WBxx_HAL_Driver\Src\stm32wbxx_hal_rcc.o
 .text.LL_RCC_HSE_IsReady
                0x080023c4       0x24 Drivers\STM32WBxx_HAL_Driver\Src\stm32wbxx_hal_rcc.o
 .text.LL_RCC_HSI_Enable
                0x080023e8       0x1e Drivers\STM32WBxx_HAL_Driver\Src\stm32wbxx_hal_rcc.o
 .text.LL_RCC_HSI_Disable
                0x08002406       0x1e Drivers\STM32WBxx_HAL_Driver\Src\stm32wbxx_hal_rcc.o
 .text.LL_RCC_HSI_IsReady
                0x08002424       0x24 Drivers\STM32WBxx_HAL_Driver\Src\stm32wbxx_hal_rcc.o
 .text.LL_RCC_HSI_SetCalibTrimming
                0x08002448       0x2a Drivers\STM32WBxx_HAL_Driver\Src\stm32wbxx_hal_rcc.o
 .text.LL_RCC_HSI48_Enable
                0x08002472       0x22 Drivers\STM32WBxx_HAL_Driver\Src\stm32wbxx_hal_rcc.o
 .text.LL_RCC_HSI48_Disable
                0x08002494       0x22 Drivers\STM32WBxx_HAL_Driver\Src\stm32wbxx_hal_rcc.o
 .text.LL_RCC_HSI48_IsReady
                0x080024b6       0x24 Drivers\STM32WBxx_HAL_Driver\Src\stm32wbxx_hal_rcc.o
 .text.LL_RCC_LSE_Enable
                0x080024da       0x22 Drivers\STM32WBxx_HAL_Driver\Src\stm32wbxx_hal_rcc.o
 .text.LL_RCC_LSE_Disable
                0x080024fc       0x22 Drivers\STM32WBxx_HAL_Driver\Src\stm32wbxx_hal_rcc.o
 .text.LL_RCC_LSE_EnableBypass
                0x0800251e       0x22 Drivers\STM32WBxx_HAL_Driver\Src\stm32wbxx_hal_rcc.o
 .text.LL_RCC_LSE_DisableBypass
                0x08002540       0x22 Drivers\STM32WBxx_HAL_Driver\Src\stm32wbxx_hal_rcc.o
 .text.LL_RCC_LSE_IsReady
                0x08002562       0x24 Drivers\STM32WBxx_HAL_Driver\Src\stm32wbxx_hal_rcc.o
 .text.LL_RCC_LSI1_Enable
                0x08002586       0x22 Drivers\STM32WBxx_HAL_Driver\Src\stm32wbxx_hal_rcc.o
 .text.LL_RCC_LSI1_Disable
                0x080025a8       0x22 Drivers\STM32WBxx_HAL_Driver\Src\stm32wbxx_hal_rcc.o
 .text.LL_RCC_LSI1_IsReady
                0x080025ca       0x24 Drivers\STM32WBxx_HAL_Driver\Src\stm32wbxx_hal_rcc.o
 .text.LL_RCC_LSI2_Enable
                0x080025ee       0x22 Drivers\STM32WBxx_HAL_Driver\Src\stm32wbxx_hal_rcc.o
 .text.LL_RCC_LSI2_Disable
                0x08002610       0x22 Drivers\STM32WBxx_HAL_Driver\Src\stm32wbxx_hal_rcc.o
 .text.LL_RCC_LSI2_IsReady
                0x08002632       0x24 Drivers\STM32WBxx_HAL_Driver\Src\stm32wbxx_hal_rcc.o
 .text.LL_RCC_LSI2_SetTrimming
                0x08002656       0x2e Drivers\STM32WBxx_HAL_Driver\Src\stm32wbxx_hal_rcc.o
 .text.LL_RCC_MSI_Enable
                0x08002684       0x1e Drivers\STM32WBxx_HAL_Driver\Src\stm32wbxx_hal_rcc.o
 .text.LL_RCC_MSI_Disable
                0x080026a2       0x1e Drivers\STM32WBxx_HAL_Driver\Src\stm32wbxx_hal_rcc.o
 .text.LL_RCC_MSI_IsReady
                0x080026c0       0x22 Drivers\STM32WBxx_HAL_Driver\Src\stm32wbxx_hal_rcc.o
 .text.LL_RCC_MSI_SetRange
                0x080026e2       0x28 Drivers\STM32WBxx_HAL_Driver\Src\stm32wbxx_hal_rcc.o
 .text.LL_RCC_MSI_GetRange
                0x0800270a       0x2a Drivers\STM32WBxx_HAL_Driver\Src\stm32wbxx_hal_rcc.o
 .text.LL_RCC_MSI_SetCalibTrimming
                0x08002734       0x2a Drivers\STM32WBxx_HAL_Driver\Src\stm32wbxx_hal_rcc.o
 .text.LL_RCC_SetSysClkSource
                0x0800275e       0x28 Drivers\STM32WBxx_HAL_Driver\Src\stm32wbxx_hal_rcc.o
 .text.LL_RCC_GetSysClkSource
                0x08002786       0x18 Drivers\STM32WBxx_HAL_Driver\Src\stm32wbxx_hal_rcc.o
 .text.LL_RCC_SetAHBPrescaler
                0x0800279e       0x28 Drivers\STM32WBxx_HAL_Driver\Src\stm32wbxx_hal_rcc.o
 .text.LL_C2_RCC_SetAHBPrescaler
                0x080027c6       0x2c Drivers\STM32WBxx_HAL_Driver\Src\stm32wbxx_hal_rcc.o
 .text.LL_RCC_SetAHB4Prescaler
                0x080027f2       0x2e Drivers\STM32WBxx_HAL_Driver\Src\stm32wbxx_hal_rcc.o
 .text.LL_RCC_SetAPB1Prescaler
                0x08002820       0x28 Drivers\STM32WBxx_HAL_Driver\Src\stm32wbxx_hal_rcc.o
 .text.LL_RCC_SetAPB2Prescaler
                0x08002848       0x28 Drivers\STM32WBxx_HAL_Driver\Src\stm32wbxx_hal_rcc.o
 .text.LL_RCC_GetAHBPrescaler
                0x08002870       0x18 Drivers\STM32WBxx_HAL_Driver\Src\stm32wbxx_hal_rcc.o
 .text.LL_RCC_GetAHB4Prescaler
                0x08002888       0x1c Drivers\STM32WBxx_HAL_Driver\Src\stm32wbxx_hal_rcc.o
 .text.LL_RCC_GetAPB1Prescaler
                0x080028a4       0x18 Drivers\STM32WBxx_HAL_Driver\Src\stm32wbxx_hal_rcc.o
 .text.LL_RCC_GetAPB2Prescaler
                0x080028bc       0x18 Drivers\STM32WBxx_HAL_Driver\Src\stm32wbxx_hal_rcc.o
 .text.LL_RCC_PLL_Enable
                0x080028d4       0x1e Drivers\STM32WBxx_HAL_Driver\Src\stm32wbxx_hal_rcc.o
 .text.LL_RCC_PLL_Disable
                0x080028f2       0x1e Drivers\STM32WBxx_HAL_Driver\Src\stm32wbxx_hal_rcc.o
 .text.LL_RCC_PLL_IsReady
                0x08002910       0x24 Drivers\STM32WBxx_HAL_Driver\Src\stm32wbxx_hal_rcc.o
 .text.LL_RCC_PLL_GetN
                0x08002934       0x1a Drivers\STM32WBxx_HAL_Driver\Src\stm32wbxx_hal_rcc.o
 .text.LL_RCC_PLL_GetR
                0x0800294e       0x18 Drivers\STM32WBxx_HAL_Driver\Src\stm32wbxx_hal_rcc.o
 .text.LL_RCC_PLL_GetDivider
                0x08002966       0x18 Drivers\STM32WBxx_HAL_Driver\Src\stm32wbxx_hal_rcc.o
 .text.LL_RCC_PLL_GetMainSource
                0x0800297e       0x18 Drivers\STM32WBxx_HAL_Driver\Src\stm32wbxx_hal_rcc.o
 .text.LL_RCC_IsActiveFlag_HPRE
                0x08002996       0x24 Drivers\STM32WBxx_HAL_Driver\Src\stm32wbxx_hal_rcc.o
 .text.LL_RCC_IsActiveFlag_C2HPRE
                0x080029ba       0x26 Drivers\STM32WBxx_HAL_Driver\Src\stm32wbxx_hal_rcc.o
 .text.LL_RCC_IsActiveFlag_SHDHPRE
                0x080029e0       0x26 Drivers\STM32WBxx_HAL_Driver\Src\stm32wbxx_hal_rcc.o
 .text.LL_RCC_IsActiveFlag_PPRE1
                0x08002a06       0x24 Drivers\STM32WBxx_HAL_Driver\Src\stm32wbxx_hal_rcc.o
 .text.LL_RCC_IsActiveFlag_PPRE2
                0x08002a2a       0x24 Drivers\STM32WBxx_HAL_Driver\Src\stm32wbxx_hal_rcc.o
 *fill*         0x08002a4e        0x2 
 .text.HAL_RCC_OscConfig
                0x08002a50      0x6bc Drivers\STM32WBxx_HAL_Driver\Src\stm32wbxx_hal_rcc.o
                0x08002a50                HAL_RCC_OscConfig
 .text.HAL_RCC_ClockConfig
                0x0800310c      0x278 Drivers\STM32WBxx_HAL_Driver\Src\stm32wbxx_hal_rcc.o
                0x0800310c                HAL_RCC_ClockConfig
 .text.HAL_RCC_GetSysClockFreq
                0x08003384       0xd4 Drivers\STM32WBxx_HAL_Driver\Src\stm32wbxx_hal_rcc.o
                0x08003384                HAL_RCC_GetSysClockFreq
 .text.HAL_RCC_GetHCLKFreq
                0x08003458       0x28 Drivers\STM32WBxx_HAL_Driver\Src\stm32wbxx_hal_rcc.o
                0x08003458                HAL_RCC_GetHCLKFreq
 .text.HAL_RCC_GetPCLK1Freq
                0x08003480       0x2c Drivers\STM32WBxx_HAL_Driver\Src\stm32wbxx_hal_rcc.o
                0x08003480                HAL_RCC_GetPCLK1Freq
 .text.HAL_RCC_GetPCLK2Freq
                0x080034ac       0x2c Drivers\STM32WBxx_HAL_Driver\Src\stm32wbxx_hal_rcc.o
                0x080034ac                HAL_RCC_GetPCLK2Freq
 .text.RCC_SetFlashLatencyFromMSIRange
                0x080034d8       0x70 Drivers\STM32WBxx_HAL_Driver\Src\stm32wbxx_hal_rcc.o
 .text.RCC_SetFlashLatency
                0x08003548      0x100 Drivers\STM32WBxx_HAL_Driver\Src\stm32wbxx_hal_rcc.o
 .text.LL_RCC_LSE_IsEnabled
                0x08003648       0x24 Drivers\STM32WBxx_HAL_Driver\Src\stm32wbxx_hal_rcc_ex.o
 .text.LL_RCC_LSE_IsReady
                0x0800366c       0x24 Drivers\STM32WBxx_HAL_Driver\Src\stm32wbxx_hal_rcc_ex.o
 .text.LL_RCC_SetRFWKPClockSource
                0x08003690       0x2c Drivers\STM32WBxx_HAL_Driver\Src\stm32wbxx_hal_rcc_ex.o
 .text.LL_RCC_SetSMPSClockSource
                0x080036bc       0x28 Drivers\STM32WBxx_HAL_Driver\Src\stm32wbxx_hal_rcc_ex.o
 .text.LL_RCC_SetSMPSPrescaler
                0x080036e4       0x28 Drivers\STM32WBxx_HAL_Driver\Src\stm32wbxx_hal_rcc_ex.o
 .text.LL_RCC_SetUSARTClockSource
                0x0800370c       0x2c Drivers\STM32WBxx_HAL_Driver\Src\stm32wbxx_hal_rcc_ex.o
 .text.LL_RCC_SetLPUARTClockSource
                0x08003738       0x2c Drivers\STM32WBxx_HAL_Driver\Src\stm32wbxx_hal_rcc_ex.o
 .text.LL_RCC_SetI2CClockSource
                0x08003764       0x3a Drivers\STM32WBxx_HAL_Driver\Src\stm32wbxx_hal_rcc_ex.o
 .text.LL_RCC_SetLPTIMClockSource
                0x0800379e       0x34 Drivers\STM32WBxx_HAL_Driver\Src\stm32wbxx_hal_rcc_ex.o
 .text.LL_RCC_SetSAIClockSource
                0x080037d2       0x2c Drivers\STM32WBxx_HAL_Driver\Src\stm32wbxx_hal_rcc_ex.o
 .text.LL_RCC_SetRNGClockSource
                0x080037fe       0x2c Drivers\STM32WBxx_HAL_Driver\Src\stm32wbxx_hal_rcc_ex.o
 .text.LL_RCC_SetCLK48ClockSource
                0x0800382a       0x2c Drivers\STM32WBxx_HAL_Driver\Src\stm32wbxx_hal_rcc_ex.o
 .text.LL_RCC_SetUSBClockSource
                0x08003856       0x16 Drivers\STM32WBxx_HAL_Driver\Src\stm32wbxx_hal_rcc_ex.o
 .text.LL_RCC_SetADCClockSource
                0x0800386c       0x2c Drivers\STM32WBxx_HAL_Driver\Src\stm32wbxx_hal_rcc_ex.o
 .text.LL_RCC_SetRTCClockSource
                0x08003898       0x2c Drivers\STM32WBxx_HAL_Driver\Src\stm32wbxx_hal_rcc_ex.o
 .text.LL_RCC_GetRTCClockSource
                0x080038c4       0x1a Drivers\STM32WBxx_HAL_Driver\Src\stm32wbxx_hal_rcc_ex.o
 .text.LL_RCC_ForceBackupDomainReset
                0x080038de       0x22 Drivers\STM32WBxx_HAL_Driver\Src\stm32wbxx_hal_rcc_ex.o
 .text.LL_RCC_ReleaseBackupDomainReset
                0x08003900       0x22 Drivers\STM32WBxx_HAL_Driver\Src\stm32wbxx_hal_rcc_ex.o
 .text.LL_RCC_PLLSAI1_Enable
                0x08003922       0x1e Drivers\STM32WBxx_HAL_Driver\Src\stm32wbxx_hal_rcc_ex.o
 .text.LL_RCC_PLLSAI1_Disable
                0x08003940       0x1e Drivers\STM32WBxx_HAL_Driver\Src\stm32wbxx_hal_rcc_ex.o
 .text.LL_RCC_PLLSAI1_IsReady
                0x0800395e       0x24 Drivers\STM32WBxx_HAL_Driver\Src\stm32wbxx_hal_rcc_ex.o
 .text.HAL_RCCEx_PeriphCLKConfig
                0x08003982      0x2ea Drivers\STM32WBxx_HAL_Driver\Src\stm32wbxx_hal_rcc_ex.o
                0x08003982                HAL_RCCEx_PeriphCLKConfig
 .text.RCCEx_PLLSAI1_ConfigNP
                0x08003c6c       0xb6 Drivers\STM32WBxx_HAL_Driver\Src\stm32wbxx_hal_rcc_ex.o
 .text.RCCEx_PLLSAI1_ConfigNQ
                0x08003d22       0xb6 Drivers\STM32WBxx_HAL_Driver\Src\stm32wbxx_hal_rcc_ex.o
 .text.RCCEx_PLLSAI1_ConfigNR
                0x08003dd8       0xb6 Drivers\STM32WBxx_HAL_Driver\Src\stm32wbxx_hal_rcc_ex.o
 .text.HAL_RTC_Init
                0x08003e8e      0x13c Drivers\STM32WBxx_HAL_Driver\Src\stm32wbxx_hal_rtc.o
                0x08003e8e                HAL_RTC_Init
 .text.HAL_RTC_WaitForSynchro
                0x08003fca       0x4c Drivers\STM32WBxx_HAL_Driver\Src\stm32wbxx_hal_rtc.o
                0x08003fca                HAL_RTC_WaitForSynchro
 .text.RTC_EnterInitMode
                0x08004016       0x54 Drivers\STM32WBxx_HAL_Driver\Src\stm32wbxx_hal_rtc.o
                0x08004016                RTC_EnterInitMode
 *fill*         0x0800406a        0x2 
 .text.HAL_RTCEx_SetWakeUpTimer_IT
                0x0800406c      0x178 Drivers\STM32WBxx_HAL_Driver\Src\stm32wbxx_hal_rtc_ex.o
                0x0800406c                HAL_RTCEx_SetWakeUpTimer_IT
 .text.HAL_RTCEx_WakeUpTimerIRQHandler
                0x080041e4       0x4c Drivers\STM32WBxx_HAL_Driver\Src\stm32wbxx_hal_rtc_ex.o
                0x080041e4                HAL_RTCEx_WakeUpTimerIRQHandler
 .text.HAL_RTCEx_WakeUpTimerEventCallback
                0x08004230       0x14 Drivers\STM32WBxx_HAL_Driver\Src\stm32wbxx_hal_rtc_ex.o
                0x08004230                HAL_RTCEx_WakeUpTimerEventCallback
 .text.LL_RCC_GetUSARTClockSource
                0x08004244       0x20 Drivers\STM32WBxx_HAL_Driver\Src\stm32wbxx_hal_uart.o
 .text.LL_RCC_GetLPUARTClockSource
                0x08004264       0x20 Drivers\STM32WBxx_HAL_Driver\Src\stm32wbxx_hal_uart.o
 .text.HAL_UART_Init
                0x08004284       0xa0 Drivers\STM32WBxx_HAL_Driver\Src\stm32wbxx_hal_uart.o
                0x08004284                HAL_UART_Init
 .text.HAL_UART_IRQHandler
                0x08004324      0x300 Drivers\STM32WBxx_HAL_Driver\Src\stm32wbxx_hal_uart.o
                0x08004324                HAL_UART_IRQHandler
 .text.HAL_UART_TxCpltCallback
                0x08004624       0x14 Drivers\STM32WBxx_HAL_Driver\Src\stm32wbxx_hal_uart.o
                0x08004624                HAL_UART_TxCpltCallback
 .text.HAL_UART_ErrorCallback
                0x08004638       0x14 Drivers\STM32WBxx_HAL_Driver\Src\stm32wbxx_hal_uart.o
                0x08004638                HAL_UART_ErrorCallback
 *fill*         0x0800464c        0x4 
 .text.UART_SetConfig
                0x08004650     0x10a0 Drivers\STM32WBxx_HAL_Driver\Src\stm32wbxx_hal_uart.o
                0x08004650                UART_SetConfig
 .text.UART_AdvFeatureConfig
                0x080056f0      0x144 Drivers\STM32WBxx_HAL_Driver\Src\stm32wbxx_hal_uart.o
                0x080056f0                UART_AdvFeatureConfig
 .text.UART_CheckIdleState
                0x08005834       0x90 Drivers\STM32WBxx_HAL_Driver\Src\stm32wbxx_hal_uart.o
                0x08005834                UART_CheckIdleState
 .text.UART_WaitOnFlagUntilTimeout
                0x080058c4      0x100 Drivers\STM32WBxx_HAL_Driver\Src\stm32wbxx_hal_uart.o
                0x080058c4                UART_WaitOnFlagUntilTimeout
 .text.UART_EndRxTransfer
                0x080059c4       0x46 Drivers\STM32WBxx_HAL_Driver\Src\stm32wbxx_hal_uart.o
 .text.UART_DMAAbortOnError
                0x08005a0a       0x2c Drivers\STM32WBxx_HAL_Driver\Src\stm32wbxx_hal_uart.o
 .text.UART_EndTransmit_IT
                0x08005a36       0x34 Drivers\STM32WBxx_HAL_Driver\Src\stm32wbxx_hal_uart.o
 .text.HAL_UARTEx_WakeupCallback
                0x08005a6a       0x14 Drivers\STM32WBxx_HAL_Driver\Src\stm32wbxx_hal_uart_ex.o
                0x08005a6a                HAL_UARTEx_WakeupCallback
 .text.HAL_UARTEx_RxFifoFullCallback
                0x08005a7e       0x14 Drivers\STM32WBxx_HAL_Driver\Src\stm32wbxx_hal_uart_ex.o
                0x08005a7e                HAL_UARTEx_RxFifoFullCallback
 .text.HAL_UARTEx_TxFifoEmptyCallback
                0x08005a92       0x14 Drivers\STM32WBxx_HAL_Driver\Src\stm32wbxx_hal_uart_ex.o
                0x08005a92                HAL_UARTEx_TxFifoEmptyCallback
 .text.HAL_UARTEx_DisableFifoMode
                0x08005aa6       0x72 Drivers\STM32WBxx_HAL_Driver\Src\stm32wbxx_hal_uart_ex.o
                0x08005aa6                HAL_UARTEx_DisableFifoMode
 .text.HAL_UARTEx_SetTxFifoThreshold
                0x08005b18       0x7c Drivers\STM32WBxx_HAL_Driver\Src\stm32wbxx_hal_uart_ex.o
                0x08005b18                HAL_UARTEx_SetTxFifoThreshold
 .text.HAL_UARTEx_SetRxFifoThreshold
                0x08005b94       0x7c Drivers\STM32WBxx_HAL_Driver\Src\stm32wbxx_hal_uart_ex.o
                0x08005b94                HAL_UARTEx_SetRxFifoThreshold
 .text.UARTEx_SetNbDataToProcess
                0x08005c10       0xd0 Drivers\STM32WBxx_HAL_Driver\Src\stm32wbxx_hal_uart_ex.o
 .text.MX_MEMS_Init
                0x08005ce0        0xe MEMS\App\app_x-cube-mems1.o
                0x08005ce0                MX_MEMS_Init
 .text.MX_MEMS_Process
                0x08005cee        0xe MEMS\App\app_x-cube-mems1.o
                0x08005cee                MX_MEMS_Process
 .text.aci_gap_set_non_discoverable
                0x08005cfc       0x52 Middlewares\ST\STM32_WPAN\ble\core\auto\ble_gap_aci.o
                0x08005cfc                aci_gap_set_non_discoverable
 .text.aci_gap_set_discoverable
                0x08005d4e      0x1ca Middlewares\ST\STM32_WPAN\ble\core\auto\ble_gap_aci.o
                0x08005d4e                aci_gap_set_discoverable
 .text.aci_gap_set_io_capability
                0x08005f18       0xa2 Middlewares\ST\STM32_WPAN\ble\core\auto\ble_gap_aci.o
                0x08005f18                aci_gap_set_io_capability
 .text.aci_gap_set_authentication_requirement
                0x08005fba      0x15e Middlewares\ST\STM32_WPAN\ble\core\auto\ble_gap_aci.o
                0x08005fba                aci_gap_set_authentication_requirement
 .text.aci_gap_init
                0x08006118      0x116 Middlewares\ST\STM32_WPAN\ble\core\auto\ble_gap_aci.o
                0x08006118                aci_gap_init
 .text.aci_gap_update_adv_data
                0x0800622e       0xc6 Middlewares\ST\STM32_WPAN\ble\core\auto\ble_gap_aci.o
                0x0800622e                aci_gap_update_adv_data
 .text.aci_gap_configure_whitelist
                0x080062f4       0x52 Middlewares\ST\STM32_WPAN\ble\core\auto\ble_gap_aci.o
                0x080062f4                aci_gap_configure_whitelist
 .text.aci_gatt_init
                0x08006346       0x54 Middlewares\ST\STM32_WPAN\ble\core\auto\ble_gatt_aci.o
                0x08006346                aci_gatt_init
 .text.aci_gatt_add_service
                0x0800639a      0x15e Middlewares\ST\STM32_WPAN\ble\core\auto\ble_gatt_aci.o
                0x0800639a                aci_gatt_add_service
 .text.aci_gatt_add_char
                0x080064f8      0x1d4 Middlewares\ST\STM32_WPAN\ble\core\auto\ble_gatt_aci.o
                0x080064f8                aci_gatt_add_char
 .text.aci_gatt_update_char_value
                0x080066cc      0x11c Middlewares\ST\STM32_WPAN\ble\core\auto\ble_gatt_aci.o
                0x080066cc                aci_gatt_update_char_value
 .text.aci_hal_write_config_data
                0x080067e8       0xe0 Middlewares\ST\STM32_WPAN\ble\core\auto\ble_hal_aci.o
                0x080067e8                aci_hal_write_config_data
 .text.aci_hal_set_tx_power_level
                0x080068c8       0xbc Middlewares\ST\STM32_WPAN\ble\core\auto\ble_hal_aci.o
                0x080068c8                aci_hal_set_tx_power_level
 .text.aci_hal_set_radio_activity_mask
                0x08006984       0xa2 Middlewares\ST\STM32_WPAN\ble\core\auto\ble_hal_aci.o
                0x08006984                aci_hal_set_radio_activity_mask
 .text.hci_reset
                0x08006a26       0x52 Middlewares\ST\STM32_WPAN\ble\core\auto\ble_hci_le.o
                0x08006a26                hci_reset
 .text.hci_le_read_phy
                0x08006a78       0xd0 Middlewares\ST\STM32_WPAN\ble\core\auto\ble_hci_le.o
                0x08006a78                hci_le_read_phy
 .text.hci_le_set_default_phy
                0x08006b48       0xdc Middlewares\ST\STM32_WPAN\ble\core\auto\ble_hci_le.o
                0x08006b48                hci_le_set_default_phy
 .text.Osal_MemCpy
                0x08006c24       0x20 Middlewares\ST\STM32_WPAN\ble\core\template\osal.o
                0x08006c24                Osal_MemCpy
 .text.Osal_MemSet
                0x08006c44       0x20 Middlewares\ST\STM32_WPAN\ble\core\template\osal.o
                0x08006c44                Osal_MemSet
 .text.PeerToPeer_Event_Handler
                0x08006c64       0xc4 Middlewares\ST\STM32_WPAN\ble\svc\Src\p2p_stm.o
 .text.P2PS_STM_Init
                0x08006d28      0x140 Middlewares\ST\STM32_WPAN\ble\svc\Src\p2p_stm.o
                0x08006d28                P2PS_STM_Init
 .text.P2PS_STM_App_Update_Char
                0x08006e68       0x44 Middlewares\ST\STM32_WPAN\ble\svc\Src\p2p_stm.o
                0x08006e68                P2PS_STM_App_Update_Char
 .text.BLS_Init
                0x08006eac        0xe Middlewares\ST\STM32_WPAN\ble\svc\Src\svc_ctl.o
                0x08006eac                BLS_Init
 .text.CRS_STM_Init
                0x08006eba        0xe Middlewares\ST\STM32_WPAN\ble\svc\Src\svc_ctl.o
                0x08006eba                CRS_STM_Init
 .text.DIS_Init
                0x08006ec8        0xe Middlewares\ST\STM32_WPAN\ble\svc\Src\svc_ctl.o
                0x08006ec8                DIS_Init
 .text.EDS_STM_Init
                0x08006ed6        0xe Middlewares\ST\STM32_WPAN\ble\svc\Src\svc_ctl.o
                0x08006ed6                EDS_STM_Init
 .text.HIDS_Init
                0x08006ee4        0xe Middlewares\ST\STM32_WPAN\ble\svc\Src\svc_ctl.o
                0x08006ee4                HIDS_Init
 .text.HRS_Init
                0x08006ef2        0xe Middlewares\ST\STM32_WPAN\ble\svc\Src\svc_ctl.o
                0x08006ef2                HRS_Init
 .text.HTS_Init
                0x08006f00        0xe Middlewares\ST\STM32_WPAN\ble\svc\Src\svc_ctl.o
                0x08006f00                HTS_Init
 .text.IAS_Init
                0x08006f0e        0xe Middlewares\ST\STM32_WPAN\ble\svc\Src\svc_ctl.o
                0x08006f0e                IAS_Init
 .text.LLS_Init
                0x08006f1c        0xe Middlewares\ST\STM32_WPAN\ble\svc\Src\svc_ctl.o
                0x08006f1c                LLS_Init
 .text.TPS_Init
                0x08006f2a        0xe Middlewares\ST\STM32_WPAN\ble\svc\Src\svc_ctl.o
                0x08006f2a                TPS_Init
 .text.MOTENV_STM_Init
                0x08006f38        0xe Middlewares\ST\STM32_WPAN\ble\svc\Src\svc_ctl.o
                0x08006f38                MOTENV_STM_Init
 .text.OTAS_STM_Init
                0x08006f46        0xe Middlewares\ST\STM32_WPAN\ble\svc\Src\svc_ctl.o
                0x08006f46                OTAS_STM_Init
 .text.MESH_Init
                0x08006f54        0xe Middlewares\ST\STM32_WPAN\ble\svc\Src\svc_ctl.o
                0x08006f54                MESH_Init
 .text.BVOPUS_STM_Init
                0x08006f62        0xe Middlewares\ST\STM32_WPAN\ble\svc\Src\svc_ctl.o
                0x08006f62                BVOPUS_STM_Init
 .text.SVCCTL_Init
                0x08006f70       0x20 Middlewares\ST\STM32_WPAN\ble\svc\Src\svc_ctl.o
                0x08006f70                SVCCTL_Init
 .text.SVCCTL_SvcInit
                0x08006f90       0x48 Middlewares\ST\STM32_WPAN\ble\svc\Src\svc_ctl.o
                0x08006f90                SVCCTL_SvcInit
 .text.SVCCTL_RegisterSvcHandler
                0x08006fd8       0x34 Middlewares\ST\STM32_WPAN\ble\svc\Src\svc_ctl.o
                0x08006fd8                SVCCTL_RegisterSvcHandler
 .text.SVCCTL_UserEvtRx
                0x0800700c       0xa4 Middlewares\ST\STM32_WPAN\ble\svc\Src\svc_ctl.o
                0x0800700c                SVCCTL_UserEvtRx
 .text.Template_Event_Handler
                0x080070b0       0xf8 Middlewares\ST\STM32_WPAN\ble\svc\Src\template_stm.o
 .text.SVCCTL_InitCustomSvc
                0x080071a8      0x140 Middlewares\ST\STM32_WPAN\ble\svc\Src\template_stm.o
                0x080071a8                SVCCTL_InitCustomSvc
 .text.TEMPLATE_STM_App_Update_Char
                0x080072e8       0x40 Middlewares\ST\STM32_WPAN\ble\svc\Src\template_stm.o
                0x080072e8                TEMPLATE_STM_App_Update_Char
 .text.SHCI_C2_BLE_Init
                0x08007328       0x2e Middlewares\ST\STM32_WPAN\interface\patterns\ble_thread\shci\shci.o
                0x08007328                SHCI_C2_BLE_Init
 *fill*         0x08007356        0x2 
 .text.hci_init
                0x08007358       0x38 Middlewares\ST\STM32_WPAN\interface\patterns\ble_thread\tl\hci_tl.o
                0x08007358                hci_init
 .text.hci_user_evt_proc
                0x08007390       0x94 Middlewares\ST\STM32_WPAN\interface\patterns\ble_thread\tl\hci_tl.o
                0x08007390                hci_user_evt_proc
 .text.hci_send_req
                0x08007424       0xfc Middlewares\ST\STM32_WPAN\interface\patterns\ble_thread\tl\hci_tl.o
                0x08007424                hci_send_req
 .text.TlInit   0x08007520       0x60 Middlewares\ST\STM32_WPAN\interface\patterns\ble_thread\tl\hci_tl.o
 .text.SendCmd  0x08007580       0x4c Middlewares\ST\STM32_WPAN\interface\patterns\ble_thread\tl\hci_tl.o
 .text.NotifyCmdStatus
                0x080075cc       0x40 Middlewares\ST\STM32_WPAN\interface\patterns\ble_thread\tl\hci_tl.o
 .text.TlEvtReceived
                0x0800760c       0x48 Middlewares\ST\STM32_WPAN\interface\patterns\ble_thread\tl\hci_tl.o
 .text.hci_register_io_bus
                0x08007654       0x28 Middlewares\ST\STM32_WPAN\interface\patterns\ble_thread\tl\hci_tl_if.o
                0x08007654                hci_register_io_bus
 .text.shci_init
                0x0800767c       0x38 Middlewares\ST\STM32_WPAN\interface\patterns\ble_thread\tl\shci_tl.o
                0x0800767c                shci_init
 .text.shci_user_evt_proc
                0x080076b4       0x94 Middlewares\ST\STM32_WPAN\interface\patterns\ble_thread\tl\shci_tl.o
                0x080076b4                shci_user_evt_proc
 .text.shci_send
                0x08007748       0x7c Middlewares\ST\STM32_WPAN\interface\patterns\ble_thread\tl\shci_tl.o
                0x08007748                shci_send
 .text.TlInit   0x080077c4       0x64 Middlewares\ST\STM32_WPAN\interface\patterns\ble_thread\tl\shci_tl.o
 .text.Cmd_SetStatus
                0x08007828       0x50 Middlewares\ST\STM32_WPAN\interface\patterns\ble_thread\tl\shci_tl.o
 .text.TlCmdEvtReceived
                0x08007878       0x16 Middlewares\ST\STM32_WPAN\interface\patterns\ble_thread\tl\shci_tl.o
 *fill*         0x0800788e        0x2 
 .text.TlUserEvtReceived
                0x08007890       0x24 Middlewares\ST\STM32_WPAN\interface\patterns\ble_thread\tl\shci_tl.o
 .text.shci_register_io_bus
                0x080078b4       0x28 Middlewares\ST\STM32_WPAN\interface\patterns\ble_thread\tl\shci_tl_if.o
                0x080078b4                shci_register_io_bus
 .text.TL_Enable
                0x080078dc        0xc Middlewares\ST\STM32_WPAN\interface\patterns\ble_thread\tl\tl_mbox.o
                0x080078dc                TL_Enable
 .text.TL_Init  0x080078e8       0x6c Middlewares\ST\STM32_WPAN\interface\patterns\ble_thread\tl\tl_mbox.o
                0x080078e8                TL_Init
 .text.TL_BLE_Init
                0x08007954       0x68 Middlewares\ST\STM32_WPAN\interface\patterns\ble_thread\tl\tl_mbox.o
                0x08007954                TL_BLE_Init
 .text.TL_BLE_SendCmd
                0x080079bc       0x28 Middlewares\ST\STM32_WPAN\interface\patterns\ble_thread\tl\tl_mbox.o
                0x080079bc                TL_BLE_SendCmd
 .text.HW_IPCC_BLE_RxEvtNot
                0x080079e4       0x38 Middlewares\ST\STM32_WPAN\interface\patterns\ble_thread\tl\tl_mbox.o
                0x080079e4                HW_IPCC_BLE_RxEvtNot
 .text.HW_IPCC_BLE_AclDataAckNot
                0x08007a1c       0x14 Middlewares\ST\STM32_WPAN\interface\patterns\ble_thread\tl\tl_mbox.o
                0x08007a1c                HW_IPCC_BLE_AclDataAckNot
 .text.TL_SYS_Init
                0x08007a30       0x54 Middlewares\ST\STM32_WPAN\interface\patterns\ble_thread\tl\tl_mbox.o
                0x08007a30                TL_SYS_Init
 .text.TL_SYS_SendCmd
                0x08007a84       0x28 Middlewares\ST\STM32_WPAN\interface\patterns\ble_thread\tl\tl_mbox.o
                0x08007a84                TL_SYS_SendCmd
 .text.HW_IPCC_SYS_CmdEvtNot
                0x08007aac       0x20 Middlewares\ST\STM32_WPAN\interface\patterns\ble_thread\tl\tl_mbox.o
                0x08007aac                HW_IPCC_SYS_CmdEvtNot
 .text.HW_IPCC_SYS_EvtNot
                0x08007acc       0x38 Middlewares\ST\STM32_WPAN\interface\patterns\ble_thread\tl\tl_mbox.o
                0x08007acc                HW_IPCC_SYS_EvtNot
 .text.TL_MM_Init
                0x08007b04       0x78 Middlewares\ST\STM32_WPAN\interface\patterns\ble_thread\tl\tl_mbox.o
                0x08007b04                TL_MM_Init
 .text.TL_MM_EvtDone
                0x08007b7c       0x28 Middlewares\ST\STM32_WPAN\interface\patterns\ble_thread\tl\tl_mbox.o
                0x08007b7c                TL_MM_EvtDone
 .text.SendFreeBuf
                0x08007ba4       0x40 Middlewares\ST\STM32_WPAN\interface\patterns\ble_thread\tl\tl_mbox.o
 .text.TL_TRACES_Init
                0x08007be4       0x24 Middlewares\ST\STM32_WPAN\interface\patterns\ble_thread\tl\tl_mbox.o
                0x08007be4                TL_TRACES_Init
 .text.HW_IPCC_TRACES_EvtNot
                0x08007c08       0x34 Middlewares\ST\STM32_WPAN\interface\patterns\ble_thread\tl\tl_mbox.o
                0x08007c08                HW_IPCC_TRACES_EvtNot
 .text.TL_TRACES_EvtReceived
                0x08007c3c       0x14 Middlewares\ST\STM32_WPAN\interface\patterns\ble_thread\tl\tl_mbox.o
                0x08007c3c                TL_TRACES_EvtReceived
 .text.OTP_Read
                0x08007c50       0x50 Middlewares\ST\STM32_WPAN\utilities\otp.o
                0x08007c50                OTP_Read
 .text.LST_init_head
                0x08007ca0       0x20 Middlewares\ST\STM32_WPAN\utilities\stm_list.o
                0x08007ca0                LST_init_head
 .text.LST_is_empty
                0x08007cc0       0x40 Middlewares\ST\STM32_WPAN\utilities\stm_list.o
                0x08007cc0                LST_is_empty
 .text.LST_insert_head
                0x08007d00       0x48 Middlewares\ST\STM32_WPAN\utilities\stm_list.o
                0x08007d00                LST_insert_head
 .text.LST_insert_tail
                0x08007d48       0x48 Middlewares\ST\STM32_WPAN\utilities\stm_list.o
                0x08007d48                LST_insert_tail
 .text.LST_remove_node
                0x08007d90       0x3e Middlewares\ST\STM32_WPAN\utilities\stm_list.o
                0x08007d90                LST_remove_node
 .text.LST_remove_head
                0x08007dce       0x3a Middlewares\ST\STM32_WPAN\utilities\stm_list.o
                0x08007dce                LST_remove_head
 .text.LL_FLASH_GetUDN
                0x08007e08       0x18 STM32_WPAN\App\app_ble.o
 .text.LL_FLASH_GetDeviceID
                0x08007e20       0x18 STM32_WPAN\App\app_ble.o
 .text.LL_FLASH_GetSTCompanyID
                0x08007e38       0x18 STM32_WPAN\App\app_ble.o
 .text.APP_BLE_Init
                0x08007e50       0xd4 STM32_WPAN\App\app_ble.o
                0x08007e50                APP_BLE_Init
 .text.SVCCTL_App_Notification
                0x08007f24      0x14c STM32_WPAN\App\app_ble.o
                0x08007f24                SVCCTL_App_Notification
 .text.Ble_Tl_Init
                0x08008070       0x2c STM32_WPAN\App\app_ble.o
 .text.Ble_Hci_Gap_Gatt_Init
                0x0800809c      0x1b4 STM32_WPAN\App\app_ble.o
 .text.Adv_Request
                0x08008250       0xe4 STM32_WPAN\App\app_ble.o
 .text.BleGetBdAddress
                0x08008334       0x88 STM32_WPAN\App\app_ble.o
 .text.Adv_Cancel
                0x080083bc       0x34 STM32_WPAN\App\app_ble.o
 .text.Adv_Cancel_Req
                0x080083f0       0x10 STM32_WPAN\App\app_ble.o
 .text.Switch_OFF_GPIO
                0x08008400        0xe STM32_WPAN\App\app_ble.o
 .text.hci_notify_asynch_evt
                0x0800840e       0x18 STM32_WPAN\App\app_ble.o
                0x0800840e                hci_notify_asynch_evt
 .text.hci_cmd_resp_release
                0x08008426       0x16 STM32_WPAN\App\app_ble.o
                0x08008426                hci_cmd_resp_release
 .text.hci_cmd_resp_wait
                0x0800843c       0x16 STM32_WPAN\App\app_ble.o
                0x0800843c                hci_cmd_resp_wait
 .text.BLE_UserEvtRx
                0x08008452       0x38 STM32_WPAN\App\app_ble.o
 .text.BLE_StatusNot
                0x0800848a       0x36 STM32_WPAN\App\app_ble.o
 .text.P2PS_STM_App_Notification
                0x080084c0       0x78 STM32_WPAN\App\p2p_server_app.o
                0x080084c0                P2PS_STM_App_Notification
 .text.P2PS_APP_Notification
                0x08008538       0x28 STM32_WPAN\App\p2p_server_app.o
                0x08008538                P2PS_APP_Notification
 .text.P2PS_APP_Init
                0x08008560       0x18 STM32_WPAN\App\p2p_server_app.o
                0x08008560                P2PS_APP_Init
 .text.P2PS_Send_Notification
                0x08008578       0x3c STM32_WPAN\App\p2p_server_app.o
 .text.TEMPLATE_UpdateParameter_Timer_Callback
                0x080085b4       0x10 STM32_WPAN\App\template_server_app.o
 .text.TEMPLATE_STM_App_Notification
                0x080085c4       0x50 STM32_WPAN\App\template_server_app.o
                0x080085c4                TEMPLATE_STM_App_Notification
 .text.TEMPLATE_APP_Init
                0x08008614       0x38 STM32_WPAN\App\template_server_app.o
                0x08008614                TEMPLATE_APP_Init
 .text.TEMPLATE_APP_context_Init
                0x0800864c       0x30 STM32_WPAN\App\template_server_app.o
 .text.TEMPLATE_Send_Notification_Task
                0x0800867c       0xe0 STM32_WPAN\App\template_server_app.o
 .text.LL_PWR_EnableBootC2
                0x0800875c       0x20 STM32_WPAN\Target\hw_ipcc.o
 .text.LL_AHB3_GRP1_EnableClock
                0x0800877c       0x32 STM32_WPAN\Target\hw_ipcc.o
 .text.LL_C1_IPCC_EnableIT_TXF
                0x080087ae       0x20 STM32_WPAN\Target\hw_ipcc.o
 .text.LL_C1_IPCC_EnableIT_RXO
                0x080087ce       0x20 STM32_WPAN\Target\hw_ipcc.o
 .text.LL_C1_IPCC_EnableTransmitChannel
                0x080087ee       0x26 STM32_WPAN\Target\hw_ipcc.o
 .text.LL_C1_IPCC_DisableTransmitChannel
                0x08008814       0x24 STM32_WPAN\Target\hw_ipcc.o
 .text.LL_C1_IPCC_EnableReceiveChannel
                0x08008838       0x24 STM32_WPAN\Target\hw_ipcc.o
 .text.LL_C1_IPCC_ClearFlag_CHx
                0x0800885c       0x1c STM32_WPAN\Target\hw_ipcc.o
 .text.LL_C1_IPCC_SetFlag_CHx
                0x08008878       0x1e STM32_WPAN\Target\hw_ipcc.o
 .text.LL_C1_IPCC_IsActiveFlag_CHx
                0x08008896       0x2a STM32_WPAN\Target\hw_ipcc.o
 .text.LL_C2_IPCC_IsActiveFlag_CHx
                0x080088c0       0x2a STM32_WPAN\Target\hw_ipcc.o
 *fill*         0x080088ea        0x2 
 .text.HW_IPCC_Rx_Handler
                0x080088ec       0x70 STM32_WPAN\Target\hw_ipcc.o
                0x080088ec                HW_IPCC_Rx_Handler
 .text.HW_IPCC_Tx_Handler
                0x0800895c       0x94 STM32_WPAN\Target\hw_ipcc.o
                0x0800895c                HW_IPCC_Tx_Handler
 .text.HW_IPCC_Enable
                0x080089f0       0x10 STM32_WPAN\Target\hw_ipcc.o
                0x080089f0                HW_IPCC_Enable
 .text.HW_IPCC_Init
                0x08008a00       0x2c STM32_WPAN\Target\hw_ipcc.o
                0x08008a00                HW_IPCC_Init
 .text.HW_IPCC_BLE_Init
                0x08008a2c       0x14 STM32_WPAN\Target\hw_ipcc.o
                0x08008a2c                HW_IPCC_BLE_Init
 .text.HW_IPCC_BLE_SendCmd
                0x08008a40       0x14 STM32_WPAN\Target\hw_ipcc.o
                0x08008a40                HW_IPCC_BLE_SendCmd
 .text.HW_IPCC_BLE_EvtHandler
                0x08008a54       0x18 STM32_WPAN\Target\hw_ipcc.o
 .text.HW_IPCC_BLE_AclDataEvtHandler
                0x08008a6c       0x18 STM32_WPAN\Target\hw_ipcc.o
 .text.HW_IPCC_SYS_Init
                0x08008a84       0x14 STM32_WPAN\Target\hw_ipcc.o
                0x08008a84                HW_IPCC_SYS_Init
 .text.HW_IPCC_SYS_SendCmd
                0x08008a98       0x1c STM32_WPAN\Target\hw_ipcc.o
                0x08008a98                HW_IPCC_SYS_SendCmd
 .text.HW_IPCC_SYS_CmdEvtHandler
                0x08008ab4       0x18 STM32_WPAN\Target\hw_ipcc.o
 .text.HW_IPCC_SYS_EvtHandler
                0x08008acc       0x18 STM32_WPAN\Target\hw_ipcc.o
 .text.HW_IPCC_MM_SendFreeBuf
                0x08008ae4       0x44 STM32_WPAN\Target\hw_ipcc.o
                0x08008ae4                HW_IPCC_MM_SendFreeBuf
 .text.HW_IPCC_MM_FreeBufHandler
                0x08008b28       0x28 STM32_WPAN\Target\hw_ipcc.o
 .text.HW_IPCC_TRACES_Init
                0x08008b50       0x14 STM32_WPAN\Target\hw_ipcc.o
                0x08008b50                HW_IPCC_TRACES_Init
 .text.HW_IPCC_TRACES_EvtHandler
                0x08008b64       0x18 STM32_WPAN\Target\hw_ipcc.o
 .text.UTIL_LPM_Init
                0x08008b7c       0x24 Utilities\lpm\tiny_lpm\stm32_lpm.o
                0x08008b7c                UTIL_LPM_Init
 .text.UTIL_LPM_SetOffMode
                0x08008ba0       0x5c Utilities\lpm\tiny_lpm\stm32_lpm.o
                0x08008ba0                UTIL_LPM_SetOffMode
 .text.UTIL_SEQ_Run
                0x08008bfc      0x1b8 Utilities\sequencer\stm32_seq.o
                0x08008bfc                UTIL_SEQ_Run
 .text.UTIL_SEQ_RegTask
                0x08008db4       0x40 Utilities\sequencer\stm32_seq.o
                0x08008db4                UTIL_SEQ_RegTask
 .text.UTIL_SEQ_SetTask
                0x08008df4       0x54 Utilities\sequencer\stm32_seq.o
                0x08008df4                UTIL_SEQ_SetTask
 .text.UTIL_SEQ_PauseTask
                0x08008e48       0x3c Utilities\sequencer\stm32_seq.o
                0x08008e48                UTIL_SEQ_PauseTask
 .text.UTIL_SEQ_ResumeTask
                0x08008e84       0x3c Utilities\sequencer\stm32_seq.o
                0x08008e84                UTIL_SEQ_ResumeTask
 .text.UTIL_SEQ_SetEvt
                0x08008ec0       0x3c Utilities\sequencer\stm32_seq.o
                0x08008ec0                UTIL_SEQ_SetEvt
 .text.UTIL_SEQ_WaitEvt
                0x08008efc       0x68 Utilities\sequencer\stm32_seq.o
                0x08008efc                UTIL_SEQ_WaitEvt
 .text.UTIL_SEQ_PreIdle
                0x08008f64        0xe Utilities\sequencer\stm32_seq.o
                0x08008f64                UTIL_SEQ_PreIdle
 .text.UTIL_SEQ_PostIdle
                0x08008f72        0xe Utilities\sequencer\stm32_seq.o
                0x08008f72                UTIL_SEQ_PostIdle
 .text.bit_position
                0x08008f80       0x74 Utilities\sequencer\stm32_seq.o
 .text.data_initializers
                0x08008ff4       0x18 startup\startup_stm32wb55xx_cm4.o
 .text.Reset_Handler
                0x0800900c       0x54 startup\startup_stm32wb55xx_cm4.o
                0x0800900c                Reset_Handler
 .text.Default_Handler
                0x08009060        0x2 startup\startup_stm32wb55xx_cm4.o
                0x08009060                RTC_Alarm_IRQHandler
                0x08009060                EXTI2_IRQHandler
                0x08009060                TIM1_CC_IRQHandler
                0x08009060                TSC_IRQHandler
                0x08009060                USB_HP_IRQHandler
                0x08009060                EXTI3_IRQHandler
                0x08009060                LPTIM2_IRQHandler
                0x08009060                I2C3_ER_IRQHandler
                0x08009060                EXTI0_IRQHandler
                0x08009060                FPU_IRQHandler
                0x08009060                TIM1_UP_TIM16_IRQHandler
                0x08009060                AES1_IRQHandler
                0x08009060                SPI1_IRQHandler
                0x08009060                PWR_SOTF_BLEACT_802ACT_RFPHASE_IRQHandler
                0x08009060                DMA2_Channel2_IRQHandler
                0x08009060                DMA1_Channel4_IRQHandler
                0x08009060                ADC1_IRQHandler
                0x08009060                PKA_IRQHandler
                0x08009060                DMA1_Channel7_IRQHandler
                0x08009060                LCD_IRQHandler
                0x08009060                DMA2_Channel1_IRQHandler
                0x08009060                QUADSPI_IRQHandler
                0x08009060                I2C1_EV_IRQHandler
                0x08009060                DMAMUX1_OVR_IRQHandler
                0x08009060                DMA1_Channel6_IRQHandler
                0x08009060                DMA2_Channel4_IRQHandler
                0x08009060                RCC_IRQHandler
                0x08009060                DMA1_Channel1_IRQHandler
                0x08009060                Default_Handler
                0x08009060                DMA2_Channel7_IRQHandler
                0x08009060                EXTI15_10_IRQHandler
                0x08009060                C2SEV_PWR_C2H_IRQHandler
                0x08009060                AES2_IRQHandler
                0x08009060                I2C3_EV_IRQHandler
                0x08009060                EXTI9_5_IRQHandler
                0x08009060                PVD_PVM_IRQHandler
                0x08009060                SPI2_IRQHandler
                0x08009060                DMA2_Channel5_IRQHandler
                0x08009060                CRS_IRQHandler
                0x08009060                DMA1_Channel5_IRQHandler
                0x08009060                USB_LP_IRQHandler
                0x08009060                RNG_IRQHandler
                0x08009060                TIM1_TRG_COM_TIM17_IRQHandler
                0x08009060                TAMP_STAMP_LSECSS_IRQHandler
                0x08009060                DMA1_Channel3_IRQHandler
                0x08009060                COMP_IRQHandler
                0x08009060                HSEM_IRQHandler
                0x08009060                WWDG_IRQHandler
                0x08009060                LPUART1_IRQHandler
                0x08009060                DMA2_Channel6_IRQHandler
                0x08009060                TIM2_IRQHandler
                0x08009060                TIM1_BRK_IRQHandler
                0x08009060                EXTI1_IRQHandler
                0x08009060                DMA1_Channel2_IRQHandler
                0x08009060                FLASH_IRQHandler
                0x08009060                I2C1_ER_IRQHandler
                0x08009060                LPTIM1_IRQHandler
                0x08009060                SAI1_IRQHandler
                0x08009060                DMA2_Channel3_IRQHandler
 *fill*         0x08009062        0x2 
 .text.__libc_init_array
                0x08009064       0x48 c:/program files (x86)/atollic/truestudio for stm32 9.3.0/armtools/bin/../lib/gcc/arm-atollic-eabi/6.3.1/../../../../arm-atollic-eabi/lib/armv7e-m/fpu\libc_nano.a(lib_a-init.o)
                0x08009064                __libc_init_array
 .text.memcpy   0x080090ac       0x16 c:/program files (x86)/atollic/truestudio for stm32 9.3.0/armtools/bin/../lib/gcc/arm-atollic-eabi/6.3.1/../../../../arm-atollic-eabi/lib/armv7e-m/fpu\libc_nano.a(lib_a-memcpy-stub.o)
                0x080090ac                memcpy
 .text.memset   0x080090c2       0x10 c:/program files (x86)/atollic/truestudio for stm32 9.3.0/armtools/bin/../lib/gcc/arm-atollic-eabi/6.3.1/../../../../arm-atollic-eabi/lib/armv7e-m/fpu\libc_nano.a(lib_a-memset.o)
                0x080090c2                memset
 *(.glue_7)
 .glue_7        0x080090d2        0x0 linker stubs
 *(.glue_7t)
 .glue_7t       0x080090d2        0x0 linker stubs
 *(.eh_frame)
 *fill*         0x080090d2        0x2 
 .eh_frame      0x080090d4        0x0 c:/program files (x86)/atollic/truestudio for stm32 9.3.0/armtools/bin/../lib/gcc/arm-atollic-eabi/6.3.1/armv7e-m/fpu/crtbegin.o
 *(.init)
 .init          0x080090d4        0x4 c:/program files (x86)/atollic/truestudio for stm32 9.3.0/armtools/bin/../lib/gcc/arm-atollic-eabi/6.3.1/armv7e-m/fpu/crti.o
                0x080090d4                _init
 .init          0x080090d8        0x8 c:/program files (x86)/atollic/truestudio for stm32 9.3.0/armtools/bin/../lib/gcc/arm-atollic-eabi/6.3.1/armv7e-m/fpu/crtn.o
 *(.fini)
 .fini          0x080090e0        0x4 c:/program files (x86)/atollic/truestudio for stm32 9.3.0/armtools/bin/../lib/gcc/arm-atollic-eabi/6.3.1/armv7e-m/fpu/crti.o
                0x080090e0                _fini
 .fini          0x080090e4        0x8 c:/program files (x86)/atollic/truestudio for stm32 9.3.0/armtools/bin/../lib/gcc/arm-atollic-eabi/6.3.1/armv7e-m/fpu/crtn.o
                0x080090ec                . = ALIGN (0x4)
                0x080090ec                _etext = .

.vfp11_veneer   0x080090ec        0x0
 .vfp11_veneer  0x080090ec        0x0 linker stubs

.v4_bx          0x080090ec        0x0
 .v4_bx         0x080090ec        0x0 linker stubs

.iplt           0x080090ec        0x0
 .iplt          0x080090ec        0x0 c:/program files (x86)/atollic/truestudio for stm32 9.3.0/armtools/bin/../lib/gcc/arm-atollic-eabi/6.3.1/armv7e-m/fpu/crtbegin.o

.rodata         0x080090ec      0x154
                0x080090ec                . = ALIGN (0x4)
 *(.rodata)
 .rodata        0x080090ec       0x2c Drivers\STM32WBxx_HAL_Driver\Src\stm32wbxx_hal_rcc.o
 .rodata        0x08009118       0x10 Drivers\STM32WBxx_HAL_Driver\Src\stm32wbxx_hal_uart_ex.o
 .rodata        0x08009128       0x38 STM32_WPAN\App\app_ble.o
 *(.rodata*)
 .rodata.AHBPrescTable
                0x08009160       0x40 Core\Src\system_stm32wbxx.o
                0x08009160                AHBPrescTable
 .rodata.APBPrescTable
                0x080091a0       0x20 Core\Src\system_stm32wbxx.o
                0x080091a0                APBPrescTable
 .rodata.MSIRangeTable
                0x080091c0       0x40 Core\Src\system_stm32wbxx.o
                0x080091c0                MSIRangeTable
 .rodata.M_bd_addr
                0x08009200        0x6 STM32_WPAN\App\app_ble.o
 *fill*         0x08009206        0x2 
 .rodata.BLE_CFG_IR_VALUE
                0x08009208       0x10 STM32_WPAN\App\app_ble.o
 .rodata.BLE_CFG_ER_VALUE
                0x08009218       0x10 STM32_WPAN\App\app_ble.o
 .rodata.local_name
                0x08009228        0x8 STM32_WPAN\App\app_ble.o
 .rodata.clz_table_4bit
                0x08009230       0x10 Utilities\sequencer\stm32_seq.o
                0x08009240                . = ALIGN (0x4)

.ARM.extab
 *(.ARM.extab* .gnu.linkonce.armextab.*)

.ARM            0x08009240        0x8
                0x08009240                __exidx_start = .
 *(.ARM.exidx*)
 .ARM.exidx     0x08009240        0x8 c:/program files (x86)/atollic/truestudio for stm32 9.3.0/armtools/bin/../lib/gcc/arm-atollic-eabi/6.3.1/armv7e-m/fpu\libgcc.a(_udivmoddi4.o)
                0x08009248                __exidx_end = .

.rel.dyn        0x08009248        0x0
 .rel.iplt      0x08009248        0x0 c:/program files (x86)/atollic/truestudio for stm32 9.3.0/armtools/bin/../lib/gcc/arm-atollic-eabi/6.3.1/armv7e-m/fpu/crtbegin.o

.preinit_array  0x08009248        0x0
                0x08009248                PROVIDE (__preinit_array_start, .)
 *(.preinit_array*)
                0x08009248                PROVIDE (__preinit_array_end, .)

.init_array     0x08009248        0x4
                0x08009248                PROVIDE (__init_array_start, .)
 *(SORT(.init_array.*))
 *(.init_array*)
 .init_array    0x08009248        0x4 c:/program files (x86)/atollic/truestudio for stm32 9.3.0/armtools/bin/../lib/gcc/arm-atollic-eabi/6.3.1/armv7e-m/fpu/crtbegin.o
                0x0800924c                PROVIDE (__init_array_end, .)

.fini_array     0x0800924c        0x4
                [!provide]                PROVIDE (__fini_array_start, .)
 *(SORT(.fini_array.*))
 *(.fini_array*)
 .fini_array    0x0800924c        0x4 c:/program files (x86)/atollic/truestudio for stm32 9.3.0/armtools/bin/../lib/gcc/arm-atollic-eabi/6.3.1/armv7e-m/fpu/crtbegin.o
                [!provide]                PROVIDE (__fini_array_end, .)
                0x08009250                _sidata = LOADADDR (.data)

.data           0x20000004       0x24 load address 0x08009250
                0x20000004                . = ALIGN (0x4)
                0x20000004                _sdata = .
 *(.data)
 *(.data*)
 .data.SystemCoreClock
                0x20000004        0x4 Core\Src\system_stm32wbxx.o
                0x20000004                SystemCoreClock
 .data.uwTickPrio
                0x20000008        0x4 Drivers\STM32WBxx_HAL_Driver\Src\stm32wbxx_hal.o
                0x20000008                uwTickPrio
 .data.uwTickFreq
                0x2000000c        0x4 Drivers\STM32WBxx_HAL_Driver\Src\stm32wbxx_hal.o
                0x2000000c                uwTickFreq
 .data.manuf_data
                0x20000010        0xe STM32_WPAN\App\app_ble.o
                0x20000010                manuf_data
 *fill*         0x2000001e        0x2 
 .data.TaskMask
                0x20000020        0x4 Utilities\sequencer\stm32_seq.o
 .data.SuperMask
                0x20000024        0x4 Utilities\sequencer\stm32_seq.o
                0x20000028                . = ALIGN (0x4)
                0x20000028                _edata = .

.igot.plt       0x20000028        0x0 load address 0x08009274
 .igot.plt      0x20000028        0x0 c:/program files (x86)/atollic/truestudio for stm32 9.3.0/armtools/bin/../lib/gcc/arm-atollic-eabi/6.3.1/armv7e-m/fpu/crtbegin.o

TIMERSERVER_CONTEXT
                0x20000028       0x99 load address 0x08009274
                [!provide]                PROVIDE (__start_TIMERSERVER_CONTEXT, .)
 TIMERSERVER_CONTEXT
                0x20000028       0x99 Core\Src\hw_timerserver.o
                [!provide]                PROVIDE (__stop_TIMERSERVER_CONTEXT, .)

BLE_DRIVER_CONTEXT
                0x200000c4       0x45 load address 0x0800930d
                [!provide]                PROVIDE (__start_BLE_DRIVER_CONTEXT, .)
 BLE_DRIVER_CONTEXT
                0x200000c4        0x6 Middlewares\ST\STM32_WPAN\ble\svc\Src\p2p_stm.o
 *fill*         0x200000ca        0x2 
 BLE_DRIVER_CONTEXT
                0x200000cc       0x21 Middlewares\ST\STM32_WPAN\ble\svc\Src\svc_ctl.o
                0x200000cc                SVCCTL_EvtHandler
                0x200000ec                SVCCTL_CltHandler
 *fill*         0x200000ed        0x3 
 BLE_DRIVER_CONTEXT
                0x200000f0        0x8 Middlewares\ST\STM32_WPAN\ble\svc\Src\template_stm.o
 BLE_DRIVER_CONTEXT
                0x200000f8       0x11 Middlewares\ST\STM32_WPAN\interface\patterns\ble_thread\tl\hci_tl.o
                0x20000108                UserEventFlow
                [!provide]                PROVIDE (__stop_BLE_DRIVER_CONTEXT, .)

SYSTEM_DRIVER_CONTEXT
                0x2000010c       0x11 load address 0x08009352
                [!provide]                PROVIDE (__start_SYSTEM_DRIVER_CONTEXT, .)
 SYSTEM_DRIVER_CONTEXT
                0x2000010c       0x11 Middlewares\ST\STM32_WPAN\interface\patterns\ble_thread\tl\shci_tl.o
                0x2000011c                SHCI_TL_UserEventFlow
                [!provide]                PROVIDE (__stop_SYSTEM_DRIVER_CONTEXT, .)

BLE_APP_CONTEXT
                0x20000120       0xae load address 0x08009363
                [!provide]                PROVIDE (__start_BLE_APP_CONTEXT, .)
 BLE_APP_CONTEXT
                0x20000120       0x98 STM32_WPAN\App\app_ble.o
 BLE_APP_CONTEXT
                0x200001b8        0x8 STM32_WPAN\App\p2p_server_app.o
 BLE_APP_CONTEXT
                0x200001c0        0xe STM32_WPAN\App\template_server_app.o
                [!provide]                PROVIDE (__stop_BLE_APP_CONTEXT, .)
                0x200001d0                . = ALIGN (0x4)

.bss            0x200001d0      0x200 load address 0x08009411
                0x200001d0                _sbss = .
                0x200001d0                __bss_start__ = _sbss
 *(.bss)
 .bss           0x200001d0       0x1c c:/program files (x86)/atollic/truestudio for stm32 9.3.0/armtools/bin/../lib/gcc/arm-atollic-eabi/6.3.1/armv7e-m/fpu/crtbegin.o
 *(.bss*)
 .bss.phrtc     0x200001ec        0x4 Core\Src\hw_timerserver.o
 .bss.WakeupTimerDivider
                0x200001f0        0x1 Core\Src\hw_timerserver.o
 .bss.AsynchPrescalerUserConfig
                0x200001f1        0x1 Core\Src\hw_timerserver.o
 .bss.SynchPrescalerUserConfig
                0x200001f2        0x2 Core\Src\hw_timerserver.o
 .bss.MaxWakeupTimerSetup
                0x200001f4        0x2 Core\Src\hw_timerserver.o
 *fill*         0x200001f6        0x2 
 .bss.hciContext
                0x200001f8       0x20 Middlewares\ST\STM32_WPAN\interface\patterns\ble_thread\tl\hci_tl.o
 .bss.HciCmdEventQueue
                0x20000218        0x8 Middlewares\ST\STM32_WPAN\interface\patterns\ble_thread\tl\hci_tl.o
 .bss.StatusNotCallBackFunction
                0x20000220        0x4 Middlewares\ST\STM32_WPAN\interface\patterns\ble_thread\tl\hci_tl.o
 .bss.shciContext
                0x20000224       0x20 Middlewares\ST\STM32_WPAN\interface\patterns\ble_thread\tl\shci_tl.o
 .bss.StatusNotCallBackFunction
                0x20000244        0x4 Middlewares\ST\STM32_WPAN\interface\patterns\ble_thread\tl\shci_tl.o
 .bss.LocalFreeBufQueue
                0x20000248        0x8 Middlewares\ST\STM32_WPAN\interface\patterns\ble_thread\tl\tl_mbox.o
 .bss.BLE_IoBusEvtCallBackFunction
                0x20000250        0x4 Middlewares\ST\STM32_WPAN\interface\patterns\ble_thread\tl\tl_mbox.o
 .bss.BLE_IoBusAclDataTxAck
                0x20000254        0x4 Middlewares\ST\STM32_WPAN\interface\patterns\ble_thread\tl\tl_mbox.o
 .bss.SYS_CMD_IoBusCallBackFunction
                0x20000258        0x4 Middlewares\ST\STM32_WPAN\interface\patterns\ble_thread\tl\tl_mbox.o
 .bss.SYS_EVT_IoBusCallBackFunction
                0x2000025c        0x4 Middlewares\ST\STM32_WPAN\interface\patterns\ble_thread\tl\tl_mbox.o
 .bss.p_mem_manager_table.7764
                0x20000260        0x4 Middlewares\ST\STM32_WPAN\interface\patterns\ble_thread\tl\tl_mbox.o
 .bss.bd_addr_udn
                0x20000264        0x6 STM32_WPAN\App\app_ble.o
 *fill*         0x2000026a        0x2 
 .bss.FreeBufCb
                0x2000026c        0x4 STM32_WPAN\Target\hw_ipcc.o
 .bss.StopModeDisable
                0x20000270        0x4 Utilities\lpm\tiny_lpm\stm32_lpm.o
 .bss.OffModeDisable
                0x20000274        0x4 Utilities\lpm\tiny_lpm\stm32_lpm.o
 .bss.TaskSet   0x20000278        0x4 Utilities\sequencer\stm32_seq.o
 .bss.EvtSet    0x2000027c        0x4 Utilities\sequencer\stm32_seq.o
 .bss.EvtWaited
                0x20000280        0x4 Utilities\sequencer\stm32_seq.o
 .bss.CurrentTaskIdx
                0x20000284        0x4 Utilities\sequencer\stm32_seq.o
 .bss.TaskCb    0x20000288       0x80 Utilities\sequencer\stm32_seq.o
 .bss.TaskPrio  0x20000308       0x10 Utilities\sequencer\stm32_seq.o
 *(COMMON)
 COMMON         0x20000318       0xb0 Core\Src\main.o
                0x20000318                huart1
                0x200003a4                hrtc
 COMMON         0x200003c8        0x4 Drivers\STM32WBxx_HAL_Driver\Src\stm32wbxx_hal.o
                0x200003c8                uwTick
 COMMON         0x200003cc        0x4 STM32_WPAN\App\app_ble.o
                0x200003cc                handleNotification
                0x200003d0                . = ALIGN (0x4)
                0x200003d0                _ebss = .
                0x200003d0                __bss_end__ = _ebss

._user_heap_stack
                0x200003d0      0x600 load address 0x08009411
                0x200003d0                . = ALIGN (0x8)
                0x200003d0                PROVIDE (end, .)
                [!provide]                PROVIDE (_end, .)
                0x200005d0                . = (. + _Min_Heap_Size)
 *fill*         0x200003d0      0x200 
                0x200009d0                . = (. + _Min_Stack_Size)
 *fill*         0x200005d0      0x400 
                0x200009d0                . = ALIGN (0x8)

/DISCARD/
 libc.a(*)
 libm.a(*)
 libgcc.a(*)

.ARM.attributes
                0x00000000       0x30
 *(.ARM.attributes)
 .ARM.attributes
                0x00000000       0x22 c:/program files (x86)/atollic/truestudio for stm32 9.3.0/armtools/bin/../lib/gcc/arm-atollic-eabi/6.3.1/armv7e-m/fpu/crti.o
 .ARM.attributes
                0x00000022       0x34 c:/program files (x86)/atollic/truestudio for stm32 9.3.0/armtools/bin/../lib/gcc/arm-atollic-eabi/6.3.1/armv7e-m/fpu/crtbegin.o
 .ARM.attributes
                0x00000056       0x39 Core\Src\app_entry.o
 .ARM.attributes
                0x0000008f       0x39 Core\Src\hw_timerserver.o
 .ARM.attributes
                0x000000c8       0x39 Core\Src\main.o
 .ARM.attributes
                0x00000101       0x39 Core\Src\stm32wbxx_hal_msp.o
 .ARM.attributes
                0x0000013a       0x39 Core\Src\stm32wbxx_it.o
 .ARM.attributes
                0x00000173       0x39 Core\Src\system_stm32wbxx.o
 .ARM.attributes
                0x000001ac       0x39 Drivers\STM32WBxx_HAL_Driver\Src\stm32wbxx_hal.o
 .ARM.attributes
                0x000001e5       0x39 Drivers\STM32WBxx_HAL_Driver\Src\stm32wbxx_hal_cortex.o
 .ARM.attributes
                0x0000021e       0x39 Drivers\STM32WBxx_HAL_Driver\Src\stm32wbxx_hal_dma.o
 .ARM.attributes
                0x00000257       0x39 Drivers\STM32WBxx_HAL_Driver\Src\stm32wbxx_hal_gpio.o
 .ARM.attributes
                0x00000290       0x39 Drivers\STM32WBxx_HAL_Driver\Src\stm32wbxx_hal_pwr.o
 .ARM.attributes
                0x000002c9       0x39 Drivers\STM32WBxx_HAL_Driver\Src\stm32wbxx_hal_pwr_ex.o
 .ARM.attributes
                0x00000302       0x39 Drivers\STM32WBxx_HAL_Driver\Src\stm32wbxx_hal_rcc.o
 .ARM.attributes
                0x0000033b       0x39 Drivers\STM32WBxx_HAL_Driver\Src\stm32wbxx_hal_rcc_ex.o
 .ARM.attributes
                0x00000374       0x39 Drivers\STM32WBxx_HAL_Driver\Src\stm32wbxx_hal_rtc.o
 .ARM.attributes
                0x000003ad       0x39 Drivers\STM32WBxx_HAL_Driver\Src\stm32wbxx_hal_rtc_ex.o
 .ARM.attributes
                0x000003e6       0x39 Drivers\STM32WBxx_HAL_Driver\Src\stm32wbxx_hal_uart.o
 .ARM.attributes
                0x0000041f       0x39 Drivers\STM32WBxx_HAL_Driver\Src\stm32wbxx_hal_uart_ex.o
 .ARM.attributes
                0x00000458       0x39 MEMS\App\app_x-cube-mems1.o
 .ARM.attributes
                0x00000491       0x39 Middlewares\ST\STM32_WPAN\ble\core\auto\ble_gap_aci.o
 .ARM.attributes
                0x000004ca       0x39 Middlewares\ST\STM32_WPAN\ble\core\auto\ble_gatt_aci.o
 .ARM.attributes
                0x00000503       0x39 Middlewares\ST\STM32_WPAN\ble\core\auto\ble_hal_aci.o
 .ARM.attributes
                0x0000053c       0x39 Middlewares\ST\STM32_WPAN\ble\core\auto\ble_hci_le.o
 .ARM.attributes
                0x00000575       0x39 Middlewares\ST\STM32_WPAN\ble\core\template\osal.o
 .ARM.attributes
                0x000005ae       0x39 Middlewares\ST\STM32_WPAN\ble\svc\Src\p2p_stm.o
 .ARM.attributes
                0x000005e7       0x39 Middlewares\ST\STM32_WPAN\ble\svc\Src\svc_ctl.o
 .ARM.attributes
                0x00000620       0x39 Middlewares\ST\STM32_WPAN\ble\svc\Src\template_stm.o
 .ARM.attributes
                0x00000659       0x39 Middlewares\ST\STM32_WPAN\interface\patterns\ble_thread\shci\shci.o
 .ARM.attributes
                0x00000692       0x39 Middlewares\ST\STM32_WPAN\interface\patterns\ble_thread\tl\hci_tl.o
 .ARM.attributes
                0x000006cb       0x39 Middlewares\ST\STM32_WPAN\interface\patterns\ble_thread\tl\hci_tl_if.o
 .ARM.attributes
                0x00000704       0x39 Middlewares\ST\STM32_WPAN\interface\patterns\ble_thread\tl\shci_tl.o
 .ARM.attributes
                0x0000073d       0x39 Middlewares\ST\STM32_WPAN\interface\patterns\ble_thread\tl\shci_tl_if.o
 .ARM.attributes
                0x00000776       0x39 Middlewares\ST\STM32_WPAN\interface\patterns\ble_thread\tl\tl_mbox.o
 .ARM.attributes
                0x000007af       0x39 Middlewares\ST\STM32_WPAN\utilities\otp.o
 .ARM.attributes
                0x000007e8       0x39 Middlewares\ST\STM32_WPAN\utilities\stm_list.o
 .ARM.attributes
                0x00000821       0x39 STM32_WPAN\App\app_ble.o
 .ARM.attributes
                0x0000085a       0x39 STM32_WPAN\App\p2p_server_app.o
 .ARM.attributes
                0x00000893       0x39 STM32_WPAN\App\template_server_app.o
 .ARM.attributes
                0x000008cc       0x39 STM32_WPAN\Target\hw_ipcc.o
 .ARM.attributes
                0x00000905       0x39 Utilities\lpm\tiny_lpm\stm32_lpm.o
 .ARM.attributes
                0x0000093e       0x39 Utilities\sequencer\stm32_seq.o
 .ARM.attributes
                0x00000977       0x21 startup\startup_stm32wb55xx_cm4.o
 .ARM.attributes
                0x00000998       0x34 c:/program files (x86)/atollic/truestudio for stm32 9.3.0/armtools/bin/../lib/gcc/arm-atollic-eabi/6.3.1/../../../../arm-atollic-eabi/lib/armv7e-m/fpu\libc_nano.a(lib_a-init.o)
 .ARM.attributes
                0x000009cc       0x34 c:/program files (x86)/atollic/truestudio for stm32 9.3.0/armtools/bin/../lib/gcc/arm-atollic-eabi/6.3.1/../../../../arm-atollic-eabi/lib/armv7e-m/fpu\libc_nano.a(lib_a-memcpy-stub.o)
 .ARM.attributes
                0x00000a00       0x34 c:/program files (x86)/atollic/truestudio for stm32 9.3.0/armtools/bin/../lib/gcc/arm-atollic-eabi/6.3.1/../../../../arm-atollic-eabi/lib/armv7e-m/fpu\libc_nano.a(lib_a-memset.o)
 .ARM.attributes
                0x00000a34       0x1b c:/program files (x86)/atollic/truestudio for stm32 9.3.0/armtools/bin/../lib/gcc/arm-atollic-eabi/6.3.1/../../../../arm-atollic-eabi/lib/armv7e-m/fpu\libc_nano.a(lib_a-strlen.o)
 .ARM.attributes
                0x00000a4f       0x22 c:/program files (x86)/atollic/truestudio for stm32 9.3.0/armtools/bin/../lib/gcc/arm-atollic-eabi/6.3.1/armv7e-m/fpu\libgcc.a(_aeabi_uldivmod.o)
 .ARM.attributes
                0x00000a71       0x34 c:/program files (x86)/atollic/truestudio for stm32 9.3.0/armtools/bin/../lib/gcc/arm-atollic-eabi/6.3.1/armv7e-m/fpu\libgcc.a(_udivmoddi4.o)
 .ARM.attributes
                0x00000aa5       0x22 c:/program files (x86)/atollic/truestudio for stm32 9.3.0/armtools/bin/../lib/gcc/arm-atollic-eabi/6.3.1/armv7e-m/fpu\libgcc.a(_dvmd_tls.o)
 .ARM.attributes
                0x00000ac7       0x22 c:/program files (x86)/atollic/truestudio for stm32 9.3.0/armtools/bin/../lib/gcc/arm-atollic-eabi/6.3.1/armv7e-m/fpu/crtn.o

MAPPING_TABLE   0x20030000       0x24
 *(MAPPING_TABLE)
 MAPPING_TABLE  0x20030000       0x24 Middlewares\ST\STM32_WPAN\interface\patterns\ble_thread\tl\tl_mbox.o

MB_MEM1         0x20030024      0x19f
 *(MB_MEM1)
 MB_MEM1        0x20030024       0x94 Middlewares\ST\STM32_WPAN\interface\patterns\ble_thread\tl\tl_mbox.o
 MB_MEM1        0x200300b8      0x10b STM32_WPAN\App\app_ble.o

MB_MEM2         0x200301c4      0x880
                0x200301c4                _sMB_MEM2 = .
 *(MB_MEM2)
 MB_MEM2        0x200301c4      0x85e Core\Src\app_entry.o
 *fill*         0x20030a22        0x2 
 MB_MEM2        0x20030a24       0x20 Middlewares\ST\STM32_WPAN\interface\patterns\ble_thread\tl\tl_mbox.o
                0x20030a44                _eMB_MEM2 = .
OUTPUT(HandOn_4.elf elf32-littlearm)

.debug_info     0x00000000    0x346c3
 .debug_info    0x00000000     0x1802 Core\Src\app_entry.o
 .debug_info    0x00001802     0x1aa2 Core\Src\hw_timerserver.o
 .debug_info    0x000032a4     0x3461 Core\Src\main.o
 .debug_info    0x00006705     0x12de Core\Src\stm32wbxx_hal_msp.o
 .debug_info    0x000079e3      0xc38 Core\Src\stm32wbxx_it.o
 .debug_info    0x0000861b      0x7b6 Core\Src\system_stm32wbxx.o
 .debug_info    0x00008dd1     0x12f3 Drivers\STM32WBxx_HAL_Driver\Src\stm32wbxx_hal.o
 .debug_info    0x0000a0c4      0xde4 Drivers\STM32WBxx_HAL_Driver\Src\stm32wbxx_hal_cortex.o
 .debug_info    0x0000aea8      0x976 Drivers\STM32WBxx_HAL_Driver\Src\stm32wbxx_hal_dma.o
 .debug_info    0x0000b81e      0x7d5 Drivers\STM32WBxx_HAL_Driver\Src\stm32wbxx_hal_gpio.o
 .debug_info    0x0000bff3      0x9db Drivers\STM32WBxx_HAL_Driver\Src\stm32wbxx_hal_pwr.o
 .debug_info    0x0000c9ce     0x112e Drivers\STM32WBxx_HAL_Driver\Src\stm32wbxx_hal_pwr_ex.o
 .debug_info    0x0000dafc     0x1549 Drivers\STM32WBxx_HAL_Driver\Src\stm32wbxx_hal_rcc.o
 .debug_info    0x0000f045     0x1c98 Drivers\STM32WBxx_HAL_Driver\Src\stm32wbxx_hal_rcc_ex.o
 .debug_info    0x00010cdd      0xd58 Drivers\STM32WBxx_HAL_Driver\Src\stm32wbxx_hal_rtc.o
 .debug_info    0x00011a35     0x10ef Drivers\STM32WBxx_HAL_Driver\Src\stm32wbxx_hal_rtc_ex.o
 .debug_info    0x00012b24     0x1b94 Drivers\STM32WBxx_HAL_Driver\Src\stm32wbxx_hal_uart.o
 .debug_info    0x000146b8      0xc2d Drivers\STM32WBxx_HAL_Driver\Src\stm32wbxx_hal_uart_ex.o
 .debug_info    0x000152e5     0x245f MEMS\App\app_x-cube-mems1.o
 .debug_info    0x00017744     0x338c Middlewares\ST\STM32_WPAN\ble\core\auto\ble_gap_aci.o
 .debug_info    0x0001aad0     0x371b Middlewares\ST\STM32_WPAN\ble\core\auto\ble_gatt_aci.o
 .debug_info    0x0001e1eb     0x14bc Middlewares\ST\STM32_WPAN\ble\core\auto\ble_hal_aci.o
 .debug_info    0x0001f6a7     0x3721 Middlewares\ST\STM32_WPAN\ble\core\auto\ble_hci_le.o
 .debug_info    0x00022dc8      0x959 Middlewares\ST\STM32_WPAN\ble\core\template\osal.o
 .debug_info    0x00023721      0xeb0 Middlewares\ST\STM32_WPAN\ble\svc\Src\p2p_stm.o
 .debug_info    0x000245d1      0xe9c Middlewares\ST\STM32_WPAN\ble\svc\Src\svc_ctl.o
 .debug_info    0x0002546d      0xebc Middlewares\ST\STM32_WPAN\ble\svc\Src\template_stm.o
 .debug_info    0x00026329     0x1bbb Middlewares\ST\STM32_WPAN\interface\patterns\ble_thread\shci\shci.o
 .debug_info    0x00027ee4     0x113f Middlewares\ST\STM32_WPAN\interface\patterns\ble_thread\tl\hci_tl.o
 .debug_info    0x00029023      0x9cb Middlewares\ST\STM32_WPAN\interface\patterns\ble_thread\tl\hci_tl_if.o
 .debug_info    0x000299ee      0xe6c Middlewares\ST\STM32_WPAN\interface\patterns\ble_thread\tl\shci_tl.o
 .debug_info    0x0002a85a      0x9cb Middlewares\ST\STM32_WPAN\interface\patterns\ble_thread\tl\shci_tl_if.o
 .debug_info    0x0002b225     0x136e Middlewares\ST\STM32_WPAN\interface\patterns\ble_thread\tl\tl_mbox.o
 .debug_info    0x0002c593      0xa57 Middlewares\ST\STM32_WPAN\utilities\otp.o
 .debug_info    0x0002cfea     0x10dd Middlewares\ST\STM32_WPAN\utilities\stm_list.o
 .debug_info    0x0002e0c7     0x1a28 STM32_WPAN\App\app_ble.o
 .debug_info    0x0002faef      0xdef STM32_WPAN\App\p2p_server_app.o
 .debug_info    0x000308de      0xd3d STM32_WPAN\App\template_server_app.o
 .debug_info    0x0003161b     0x14ff STM32_WPAN\Target\hw_ipcc.o
 .debug_info    0x00032b1a      0xbf2 Utilities\lpm\tiny_lpm\stm32_lpm.o
 .debug_info    0x0003370c      0xf51 Utilities\sequencer\stm32_seq.o
 .debug_info    0x0003465d       0x66 startup\startup_stm32wb55xx_cm4.o

.debug_abbrev   0x00000000     0x5aac
 .debug_abbrev  0x00000000      0x2cb Core\Src\app_entry.o
 .debug_abbrev  0x000002cb      0x361 Core\Src\hw_timerserver.o
 .debug_abbrev  0x0000062c      0x2d8 Core\Src\main.o
 .debug_abbrev  0x00000904      0x1e4 Core\Src\stm32wbxx_hal_msp.o
 .debug_abbrev  0x00000ae8      0x144 Core\Src\stm32wbxx_it.o
 .debug_abbrev  0x00000c2c      0x15e Core\Src\system_stm32wbxx.o
 .debug_abbrev  0x00000d8a      0x2da Drivers\STM32WBxx_HAL_Driver\Src\stm32wbxx_hal.o
 .debug_abbrev  0x00001064      0x2ec Drivers\STM32WBxx_HAL_Driver\Src\stm32wbxx_hal_cortex.o
 .debug_abbrev  0x00001350      0x1d4 Drivers\STM32WBxx_HAL_Driver\Src\stm32wbxx_hal_dma.o
 .debug_abbrev  0x00001524      0x1ce Drivers\STM32WBxx_HAL_Driver\Src\stm32wbxx_hal_gpio.o
 .debug_abbrev  0x000016f2      0x1b4 Drivers\STM32WBxx_HAL_Driver\Src\stm32wbxx_hal_pwr.o
 .debug_abbrev  0x000018a6      0x2d1 Drivers\STM32WBxx_HAL_Driver\Src\stm32wbxx_hal_pwr_ex.o
 .debug_abbrev  0x00001b77      0x245 Drivers\STM32WBxx_HAL_Driver\Src\stm32wbxx_hal_rcc.o
 .debug_abbrev  0x00001dbc      0x2d4 Drivers\STM32WBxx_HAL_Driver\Src\stm32wbxx_hal_rcc_ex.o
 .debug_abbrev  0x00002090      0x1b0 Drivers\STM32WBxx_HAL_Driver\Src\stm32wbxx_hal_rtc.o
 .debug_abbrev  0x00002240      0x1bf Drivers\STM32WBxx_HAL_Driver\Src\stm32wbxx_hal_rtc_ex.o
 .debug_abbrev  0x000023ff      0x234 Drivers\STM32WBxx_HAL_Driver\Src\stm32wbxx_hal_uart.o
 .debug_abbrev  0x00002633      0x1dd Drivers\STM32WBxx_HAL_Driver\Src\stm32wbxx_hal_uart_ex.o
 .debug_abbrev  0x00002810      0x23b MEMS\App\app_x-cube-mems1.o
 .debug_abbrev  0x00002a4b      0x201 Middlewares\ST\STM32_WPAN\ble\core\auto\ble_gap_aci.o
 .debug_abbrev  0x00002c4c      0x20a Middlewares\ST\STM32_WPAN\ble\core\auto\ble_gatt_aci.o
 .debug_abbrev  0x00002e56      0x201 Middlewares\ST\STM32_WPAN\ble\core\auto\ble_hal_aci.o
 .debug_abbrev  0x00003057      0x1f6 Middlewares\ST\STM32_WPAN\ble\core\auto\ble_hci_le.o
 .debug_abbrev  0x0000324d      0x1a1 Middlewares\ST\STM32_WPAN\ble\core\template\osal.o
 .debug_abbrev  0x000033ee      0x220 Middlewares\ST\STM32_WPAN\ble\svc\Src\p2p_stm.o
 .debug_abbrev  0x0000360e      0x21c Middlewares\ST\STM32_WPAN\ble\svc\Src\svc_ctl.o
 .debug_abbrev  0x0000382a      0x220 Middlewares\ST\STM32_WPAN\ble\svc\Src\template_stm.o
 .debug_abbrev  0x00003a4a      0x233 Middlewares\ST\STM32_WPAN\interface\patterns\ble_thread\shci\shci.o
 .debug_abbrev  0x00003c7d      0x271 Middlewares\ST\STM32_WPAN\interface\patterns\ble_thread\tl\hci_tl.o
 .debug_abbrev  0x00003eee      0x18b Middlewares\ST\STM32_WPAN\interface\patterns\ble_thread\tl\hci_tl_if.o
 .debug_abbrev  0x00004079      0x21f Middlewares\ST\STM32_WPAN\interface\patterns\ble_thread\tl\shci_tl.o
 .debug_abbrev  0x00004298      0x18b Middlewares\ST\STM32_WPAN\interface\patterns\ble_thread\tl\shci_tl_if.o
 .debug_abbrev  0x00004423      0x25b Middlewares\ST\STM32_WPAN\interface\patterns\ble_thread\tl\tl_mbox.o
 .debug_abbrev  0x0000467e      0x1b0 Middlewares\ST\STM32_WPAN\utilities\otp.o
 .debug_abbrev  0x0000482e      0x27d Middlewares\ST\STM32_WPAN\utilities\stm_list.o
 .debug_abbrev  0x00004aab      0x2e0 STM32_WPAN\App\app_ble.o
 .debug_abbrev  0x00004d8b      0x214 STM32_WPAN\App\p2p_server_app.o
 .debug_abbrev  0x00004f9f      0x21b STM32_WPAN\App\template_server_app.o
 .debug_abbrev  0x000051ba      0x30a STM32_WPAN\Target\hw_ipcc.o
 .debug_abbrev  0x000054c4      0x28e Utilities\lpm\tiny_lpm\stm32_lpm.o
 .debug_abbrev  0x00005752      0x348 Utilities\sequencer\stm32_seq.o
 .debug_abbrev  0x00005a9a       0x12 startup\startup_stm32wb55xx_cm4.o

.debug_aranges  0x00000000     0x22e0
 .debug_aranges
                0x00000000       0x90 Core\Src\app_entry.o
 .debug_aranges
                0x00000090       0xa8 Core\Src\hw_timerserver.o
 .debug_aranges
                0x00000138       0x60 Core\Src\main.o
 .debug_aranges
                0x00000198       0x70 Core\Src\stm32wbxx_hal_msp.o
 .debug_aranges
                0x00000208       0x88 Core\Src\stm32wbxx_it.o
 .debug_aranges
                0x00000290       0x28 Core\Src\system_stm32wbxx.o
 .debug_aranges
                0x000002b8      0x280 Drivers\STM32WBxx_HAL_Driver\Src\stm32wbxx_hal.o
 .debug_aranges
                0x00000538      0x108 Drivers\STM32WBxx_HAL_Driver\Src\stm32wbxx_hal_cortex.o
 .debug_aranges
                0x00000640       0x90 Drivers\STM32WBxx_HAL_Driver\Src\stm32wbxx_hal_dma.o
 .debug_aranges
                0x000006d0       0x58 Drivers\STM32WBxx_HAL_Driver\Src\stm32wbxx_hal_gpio.o
 .debug_aranges
                0x00000728       0xd0 Drivers\STM32WBxx_HAL_Driver\Src\stm32wbxx_hal_pwr.o
 .debug_aranges
                0x000007f8      0x288 Drivers\STM32WBxx_HAL_Driver\Src\stm32wbxx_hal_pwr_ex.o
 .debug_aranges
                0x00000a80      0x298 Drivers\STM32WBxx_HAL_Driver\Src\stm32wbxx_hal_rcc.o
 .debug_aranges
                0x00000d18      0x390 Drivers\STM32WBxx_HAL_Driver\Src\stm32wbxx_hal_rcc_ex.o
 .debug_aranges
                0x000010a8       0xb8 Drivers\STM32WBxx_HAL_Driver\Src\stm32wbxx_hal_rtc.o
 .debug_aranges
                0x00001160      0x140 Drivers\STM32WBxx_HAL_Driver\Src\stm32wbxx_hal_rtc_ex.o
 .debug_aranges
                0x000012a0      0x240 Drivers\STM32WBxx_HAL_Driver\Src\stm32wbxx_hal_uart.o
 .debug_aranges
                0x000014e0       0x88 Drivers\STM32WBxx_HAL_Driver\Src\stm32wbxx_hal_uart_ex.o
 .debug_aranges
                0x00001568       0x40 MEMS\App\app_x-cube-mems1.o
 .debug_aranges
                0x000015a8      0x168 Middlewares\ST\STM32_WPAN\ble\core\auto\ble_gap_aci.o
 .debug_aranges
                0x00001710      0x180 Middlewares\ST\STM32_WPAN\ble\core\auto\ble_gatt_aci.o
 .debug_aranges
                0x00001890       0xb0 Middlewares\ST\STM32_WPAN\ble\core\auto\ble_hal_aci.o
 .debug_aranges
                0x00001940      0x208 Middlewares\ST\STM32_WPAN\ble\core\auto\ble_hci_le.o
 .debug_aranges
                0x00001b48       0x30 Middlewares\ST\STM32_WPAN\ble\core\template\osal.o
 .debug_aranges
                0x00001b78       0x30 Middlewares\ST\STM32_WPAN\ble\svc\Src\p2p_stm.o
 .debug_aranges
                0x00001ba8       0xc0 Middlewares\ST\STM32_WPAN\ble\svc\Src\svc_ctl.o
 .debug_aranges
                0x00001c68       0x30 Middlewares\ST\STM32_WPAN\ble\svc\Src\template_stm.o
 .debug_aranges
                0x00001c98       0xc8 Middlewares\ST\STM32_WPAN\interface\patterns\ble_thread\shci\shci.o
 .debug_aranges
                0x00001d60       0x58 Middlewares\ST\STM32_WPAN\interface\patterns\ble_thread\tl\hci_tl.o
 .debug_aranges
                0x00001db8       0x20 Middlewares\ST\STM32_WPAN\interface\patterns\ble_thread\tl\hci_tl_if.o
 .debug_aranges
                0x00001dd8       0x58 Middlewares\ST\STM32_WPAN\interface\patterns\ble_thread\tl\shci_tl.o
 .debug_aranges
                0x00001e30       0x20 Middlewares\ST\STM32_WPAN\interface\patterns\ble_thread\tl\shci_tl_if.o
 .debug_aranges
                0x00001e50       0xa0 Middlewares\ST\STM32_WPAN\interface\patterns\ble_thread\tl\tl_mbox.o
 .debug_aranges
                0x00001ef0       0x20 Middlewares\ST\STM32_WPAN\utilities\otp.o
 .debug_aranges
                0x00001f10       0x78 Middlewares\ST\STM32_WPAN\utilities\stm_list.o
 .debug_aranges
                0x00001f88       0xb0 STM32_WPAN\App\app_ble.o
 .debug_aranges
                0x00002038       0x38 STM32_WPAN\App\p2p_server_app.o
 .debug_aranges
                0x00002070       0x40 STM32_WPAN\App\template_server_app.o
 .debug_aranges
                0x000020b0      0x120 STM32_WPAN\Target\hw_ipcc.o
 .debug_aranges
                0x000021d0       0x48 Utilities\lpm\tiny_lpm\stm32_lpm.o
 .debug_aranges
                0x00002218       0x98 Utilities\sequencer\stm32_seq.o
 .debug_aranges
                0x000022b0       0x30 startup\startup_stm32wb55xx_cm4.o

.debug_ranges   0x00000000     0x2048
 .debug_ranges  0x00000000       0x80 Core\Src\app_entry.o
 .debug_ranges  0x00000080       0x98 Core\Src\hw_timerserver.o
 .debug_ranges  0x00000118       0x50 Core\Src\main.o
 .debug_ranges  0x00000168       0x60 Core\Src\stm32wbxx_hal_msp.o
 .debug_ranges  0x000001c8       0x78 Core\Src\stm32wbxx_it.o
 .debug_ranges  0x00000240       0x18 Core\Src\system_stm32wbxx.o
 .debug_ranges  0x00000258      0x270 Drivers\STM32WBxx_HAL_Driver\Src\stm32wbxx_hal.o
 .debug_ranges  0x000004c8       0xf8 Drivers\STM32WBxx_HAL_Driver\Src\stm32wbxx_hal_cortex.o