stm32wbxx_ll_pwr.h:1599:22:LL_PWR_EnableBootC2	4	static
stm32wbxx_ll_bus.h:706:22:LL_AHB3_GRP1_EnableClock	24	static
stm32wbxx_ll_ipcc.h:138:22:LL_C1_IPCC_EnableIT_TXF	16	static
stm32wbxx_ll_ipcc.h:171:22:LL_C1_IPCC_EnableIT_RXO	16	static
stm32wbxx_ll_ipcc.h:290:22:LL_C1_IPCC_EnableTransmitChannel	16	static
stm32wbxx_ll_ipcc.h:313:22:LL_C1_IPCC_DisableTransmitChannel	16	static
stm32wbxx_ll_ipcc.h:359:22:LL_C1_IPCC_EnableReceiveChannel	16	static
stm32wbxx_ll_ipcc.h:575:22:LL_C1_IPCC_ClearFlag_CHx	16	static
stm32wbxx_ll_ipcc.h:599:22:LL_C1_IPCC_SetFlag_CHx	16	static
stm32wbxx_ll_ipcc.h:622:26:LL_C1_IPCC_IsActiveFlag_CHx	16	static
stm32wbxx_ll_ipcc.h:693:26:LL_C2_IPCC_IsActiveFlag_CHx	16	static
hw_ipcc.c:64:6:HW_IPCC_Rx_Handler	8	static
hw_ipcc.c:108:6:HW_IPCC_Tx_Handler	8	static
hw_ipcc.c:150:6:HW_IPCC_Enable	8	static
hw_ipcc.c:168:6:HW_IPCC_Init	8	static
hw_ipcc.c:184:6:HW_IPCC_BLE_Init	8	static
hw_ipcc.c:191:6:HW_IPCC_BLE_SendCmd	8	static
hw_ipcc.c:198:13:HW_IPCC_BLE_EvtHandler	8	static
hw_ipcc.c:207:6:HW_IPCC_BLE_SendAclData	8	static
hw_ipcc.c:215:13:HW_IPCC_BLE_AclDataEvtHandler	8	static
hw_ipcc.c:224:13:HW_IPCC_BLE_AclDataAckNot	4	static
hw_ipcc.c:225:13:HW_IPCC_BLE_RxEvtNot	4	static
hw_ipcc.c:230:6:HW_IPCC_SYS_Init	8	static
hw_ipcc.c:237:6:HW_IPCC_SYS_SendCmd	8	static
hw_ipcc.c:245:13:HW_IPCC_SYS_CmdEvtHandler	8	static
hw_ipcc.c:254:13:HW_IPCC_SYS_EvtHandler	8	static
hw_ipcc.c:263:13:HW_IPCC_SYS_CmdEvtNot	4	static
hw_ipcc.c:264:13:HW_IPCC_SYS_EvtNot	4	static
hw_ipcc.c:468:6:HW_IPCC_MM_SendFreeBuf	16	static
hw_ipcc.c:485:13:HW_IPCC_MM_FreeBufHandler	8	static
hw_ipcc.c:499:6:HW_IPCC_TRACES_Init	8	static
hw_ipcc.c:506:13:HW_IPCC_TRACES_EvtHandler	8	static
hw_ipcc.c:515:13:HW_IPCC_TRACES_EvtNot	4	static
